To honour the JVM settings for this build a single-use Daemon process will be forked. For more on this, please refer to https://docs.gradle.org/9.4.1/userguide/gradle_daemon.html#sec:disabling_the_daemon in the Gradle documentation.
Daemon will be stopped at the end of the build 

> Configure project :
Fabric Loom: 1.11.8

> Task :compileJava UP-TO-DATE
> Task :compileGl41MetalNative UP-TO-DATE
> Task :compileGl41MetalShaders UP-TO-DATE
> Task :processResources
> Task :classes
> Task :generateLog4jConfig UP-TO-DATE
> Task :generateRemapClasspath UP-TO-DATE
> Task :generateDLIConfig UP-TO-DATE
> Task :configureLaunch UP-TO-DATE
> Task :downloadAssets UP-TO-DATE
> Task :configureClientLaunch UP-TO-DATE

> Task :runClient
[13:13:25] [main/INFO] (FabricLoader/GameProvider) Loading Minecraft 1.21.1 with Fabric Loader 0.17.2
[13:13:25] [main/WARN] (FabricLoader/Resolution) Warnings were found!
 - Mod 'Sodium Extra' (sodium-extra) 0.6.0+mc1.21.1 recommends version 1.4.2 or later of reeses-sodium-options, which is missing!
	 - You should install version 1.4.2 or later of reeses-sodium-options for the optimal experience.
[13:13:25] [main/INFO] (FabricLoader) Loading 68 mods:
	- chunky 1.4.23
	- cloth-config 15.0.140
	   \-- cloth-basic-math 0.6.1
	- devauth 1.1.0
	- fabric-api 0.116.6+1.21.1
	- fabric-api-base 0.4.42+6573ed8c19
	- fabric-api-lookup-api-v1 1.6.71+b559734419
	- fabric-biome-api-v1 13.0.31+d527f9fd19
	- fabric-block-api-v1 1.1.0+0bc3503219
	- fabric-block-view-api-v2 1.0.11+ebb2264e19
	- fabric-blockrenderlayer-v1 1.1.52+0af3f5a719
	- fabric-client-tags-api-v1 1.1.15+6573ed8c19
	- fabric-command-api-v1 1.2.49+f71b366f19
	- fabric-command-api-v2 2.2.28+6ced4dd919
	- fabric-commands-v0 0.2.66+df3654b319
	- fabric-content-registries-v0 8.0.19+b559734419
	- fabric-convention-tags-v1 2.1.5+7f945d5b19
	- fabric-convention-tags-v2 2.11.1+a406e79519
	- fabric-crash-report-info-v1 0.2.29+0af3f5a719
	- fabric-data-attachment-api-v1 1.4.5+6116a37819
	- fabric-data-generation-api-v1 20.2.33+37516cd619
	- fabric-dimensions-v1 4.0.1+65213ef819
	- fabric-entity-events-v1 1.8.0+2b27e0a419
	- fabric-events-interaction-v0 0.7.13+ba9dae0619
	- fabric-game-rule-api-v1 1.0.53+6ced4dd919
	- fabric-gametest-api-v1 2.0.5+6fc22b9919
	- fabric-item-api-v1 11.2.0+3b3cb2e819
	- fabric-item-group-api-v1 4.1.7+def88e3a19
	- fabric-key-binding-api-v1 1.0.47+0af3f5a719
	- fabric-keybindings-v0 0.2.45+df3654b319
	- fabric-lifecycle-events-v1 2.6.0+0865547519
	- fabric-loot-api-v2 3.0.15+3f89f5a519
	- fabric-loot-api-v3 1.0.3+3f89f5a519
	- fabric-message-api-v1 6.0.14+8aaf3aca19
	- fabric-model-loading-api-v1 2.1.0+b4d813fc19
	- fabric-networking-api-v1 4.3.0+c7469b2119
	- fabric-object-builder-api-v1 15.2.1+40875a9319
	- fabric-particles-v1 4.0.2+6573ed8c19
	- fabric-permissions-api-v0 0.3.3
	- fabric-recipe-api-v1 5.0.14+248df81c19
	- fabric-registry-sync-v0 5.3.1+e3eddc2119
	- fabric-renderer-api-v1 3.4.1+b4d813fc19
	- fabric-renderer-indigo 1.7.1+c705a49c19
	- fabric-renderer-registries-v1 3.2.69+df3654b319
	- fabric-rendering-data-attachment-v1 0.3.49+73761d2e19
	- fabric-rendering-fluids-v1 3.1.6+1daea21519
	- fabric-rendering-v0 1.1.72+df3654b319
	- fabric-rendering-v1 5.1.0+ab4c25a019
	- fabric-resource-conditions-api-v1 4.3.0+8dc279b119
	- fabric-resource-loader-v0 1.3.1+5b5275af19
	- fabric-screen-api-v1 2.0.25+8b68f1c719
	- fabric-screen-handler-api-v1 1.3.90+b559734419
	- fabric-sound-api-v1 1.0.23+6573ed8c19
	- fabric-transfer-api-v1 5.4.3+c24bd99419
	- fabric-transitive-access-wideners-v1 6.2.0+45b9699719
	- fabricloader 0.17.2
	- iris 1.8.8+mc1.21.1
	- java 21
	- lithium 0.15.0+mc1.21.1
	- minecraft 1.21.1
	- mixinextras 0.5.0
	- modmenu 11.0.3
	- nvidium 0.4.1-beta9-1.21-1.21.1
	- sodium 0.6.13+mc1.21.1
	- sodium-extra 0.6.0+mc1.21.1
	- spark 1.10.152
	- voxy 0.2.14-alpha
	- voxyworldgenv2 2.2.5
[13:13:28] [main/INFO] (FabricLoader/Mixin) SpongePowered MIXIN Subsystem Version=0.8.7 Source=file:/Users/alextodd/.gradle/caches/modules-2/files-2.1/net.fabricmc/sponge-mixin/0.16.3+mixin.0.8.7/3e535042688d1265447e52ad86950b7d9678a5fa/sponge-mixin-0.16.3+mixin.0.8.7.jar Service=Knot/Fabric Env=CLIENT
[13:13:28] [main/INFO] (FabricLoader/Mixin) Loaded Fabric development mappings for mixin remapper!
[13:13:28] [main/INFO] (FabricLoader/Mixin) Compatibility level set to JAVA_17
[13:13:28] [main/INFO] (FabricLoader/Mixin) Compatibility level set to JAVA_21
[13:13:28] [main/INFO] (Sodium) Loaded configuration file for Sodium: 43 options available, 1 override(s) found
[13:13:28] [main/INFO] (LithiumConfig) Option 'mixin.entity.collisions.fluid' requires 'mixin.util.block_tracking=true' but found 'false'. Setting 'mixin.entity.collisions.fluid=false'.
[13:13:28] [main/INFO] (LithiumConfig) Option 'mixin.experimental.entity.block_caching.block_support' requires 'mixin.util.block_tracking=true' but found 'false'. Setting 'mixin.experimental.entity.block_caching.block_support=false'.
[13:13:28] [main/INFO] (LithiumConfig) Option 'mixin.experimental.entity.block_caching.fluid_pushing' requires 'mixin.util.block_tracking=true' but found 'false'. Setting 'mixin.experimental.entity.block_caching.fluid_pushing=false'.
[13:13:28] [main/INFO] (LithiumConfig) Option 'mixin.experimental.entity.block_caching.block_touching' requires 'mixin.util.block_tracking=true' but found 'false'. Setting 'mixin.experimental.entity.block_caching.block_touching=false'.
[13:13:28] [main/INFO] (LithiumConfig) Option 'mixin.experimental.entity.block_caching.suffocation' requires 'mixin.util.block_tracking=true' but found 'false'. Setting 'mixin.experimental.entity.block_caching.suffocation=false'.
[13:13:28] [main/INFO] (LithiumConfig) Option 'mixin.experimental.entity.block_caching' requires 'mixin.util.block_tracking=true' but found 'false'. Setting 'mixin.experimental.entity.block_caching=false'.
[13:13:28] [main/INFO] (Lithium) Loaded configuration file for Lithium: 149 options available, 0 override(s) found
[13:13:28] [main/INFO] (Sodium Extra Config) Loaded configuration file for Sodium Extra: 36 options available, 0 override(s) found
[13:13:28] [main/WARN] (FabricLoader/Mixin) Error loading class: com/moulberry/flashback/record/FlashbackMeta (java.lang.ClassNotFoundException: com/moulberry/flashback/record/FlashbackMeta)
[13:13:28] [main/WARN] (FabricLoader/Mixin) @Mixin target com.moulberry.flashback.record.FlashbackMeta was not found client.voxy.mixins.json:flashback.MixinFlashbackMeta from mod voxy
[13:13:28] [main/WARN] (FabricLoader/Mixin) Error loading class: com/moulberry/flashback/record/Recorder (java.lang.ClassNotFoundException: com/moulberry/flashback/record/Recorder)
[13:13:28] [main/WARN] (FabricLoader/Mixin) @Mixin target com.moulberry.flashback.record.Recorder was not found client.voxy.mixins.json:flashback.MixinFlashbackRecorder from mod voxy
[13:13:28] [main/WARN] (Sodium) Force-disabling mixin 'features.render.world.sky.FogRendererMixin' as rule 'mixin.features.render.world.sky' (added by mods [iris]) disables it and children
[13:13:28] [main/WARN] (Sodium) Force-disabling mixin 'features.render.world.sky.ClientLevelMixin' as rule 'mixin.features.render.world.sky' (added by mods [iris]) disables it and children
[13:13:28] [main/WARN] (Sodium) Force-disabling mixin 'features.render.world.sky.LevelRendererMixin' as rule 'mixin.features.render.world.sky' (added by mods [iris]) disables it and children
[13:13:28] [main/INFO] (Sodium-GraphicsAdapterProbe) Searching for graphics cards...
[13:13:28] [main/INFO] (FabricLoader/MixinExtras|Service) Initializing MixinExtras via com.llamalad7.mixinextras.service.MixinExtrasServiceImpl(version=0.5.0).
[13:13:28] [main/INFO] (DevAuth) DevAuth disabled, not logging in!
[13:13:29] [Datafixer Bootstrap/INFO] (Minecraft) 226 Datafixer optimizations took 126 milliseconds
[13:13:32] [Render thread/INFO] (Minecraft) Environment: Environment[sessionHost=https://sessionserver.mojang.com, servicesHost=https://api.minecraftservices.com, name=PROD]
[13:13:32] [Render thread/INFO] (Minecraft) Setting user: VoxyTester
[13:13:32] [Render thread/INFO] (Voxy) [me.cx.vy.cn.cg.Serialization]: Registered Config as LZ4 for config type CompressorConfig
[13:13:32] [Render thread/INFO] (Voxy) [me.cx.vy.cn.cg.Serialization]: Registered Config as ZSTD for config type CompressorConfig
[13:13:32] [Render thread/INFO] (Voxy) [me.cx.vy.cn.cg.Serialization]: Registered Config as Serializer for config type SectionStorageConfig
[13:13:32] [Render thread/INFO] (Voxy) [me.cx.vy.cn.cg.Serialization]: Registered Config as Memory for config type StorageConfig
[13:13:32] [Render thread/INFO] (Voxy) [me.cx.vy.cn.cg.Serialization]: Registered Config as LMDB for config type StorageConfig
[13:13:32] [Render thread/INFO] (Voxy) [me.cx.vy.cn.cg.Serialization]: Registered BasicPathInsertionConfig as BasicPathConfig for config type StorageConfig
[13:13:32] [Render thread/INFO] (Voxy) [me.cx.vy.cn.cg.Serialization]: Registered Config as CompressionAdaptor for config type StorageConfig
[13:13:32] [Render thread/INFO] (Voxy) [me.cx.vy.cn.cg.Serialization]: Registered ConditionalStorageBackendConfig as ConditionalConfig for config type StorageConfig
[13:13:32] [Render thread/INFO] (Voxy) [me.cx.vy.cn.cg.Serialization]: Registered Config as FragmentationAdaptor for config type StorageConfig
[13:13:32] [Render thread/INFO] (Voxy) [me.cx.vy.cn.cg.Serialization]: Registered Config2 as AutoFragmentationAdaptor for config type StorageConfig
[13:13:32] [Render thread/INFO] (Voxy) [me.cx.vy.cn.cg.Serialization]: Registered Config as ReadonlyCachingLayer for config type StorageConfig
[13:13:32] [Render thread/INFO] (Voxy) [me.cx.vy.cn.cg.Serialization]: Registered Config as Redis for config type StorageConfig
[13:13:32] [Render thread/INFO] (Voxy) [me.cx.vy.cn.cg.Serialization]: Registered Config as RocksDB for config type StorageConfig
[13:13:32] [Render thread/INFO] (Voxy) [me.cx.vy.cn.cg.Serialization]: Registered 13 config types
[13:13:32] [Render thread/INFO] (voxyworldgenv2) voxy world gen v2 initializing
[13:13:32] [Render thread/INFO] (voxyworldgenv2) voxy networking initialized (protocol 4)
[13:13:32] [Render thread/INFO] (Indigo) [Indigo] Different rendering plugin detected; not applying Indigo.
[13:13:33] [Render thread/INFO] (Mod Menu/Update Checker) Checking mod updates...
[13:13:33] [Render thread/INFO] (voxyworldgenv2) initializing voxy world gen v2 client
[13:13:33] [Render thread/INFO] (Minecraft) Backend library: LWJGL version 3.3.3-snapshot
[13:13:33] [ModMenu/Update Checker/Fabric Loader/INFO] (Mod Menu/Update Checker) Update available for 'fabricloader@0.17.2'
[13:13:33] [Render thread/INFO] (Minecraft) OpenGL Vendor: Apple
[13:13:33] [Render thread/INFO] (Minecraft) OpenGL Renderer: Apple M2 Max
[13:13:33] [Render thread/INFO] (Minecraft) OpenGL Version: 4.1 Metal - 91.7
[13:13:33] [Render thread/WARN] (Nvidium) Not all requirements met, disabling nvidium
[13:13:33] [ForkJoinPool.commonPool-worker-1/WARN] (Iris) [Iris Update Check] This version doesn't have an update index, skipping.
[13:13:33] [Render thread/INFO] (Voxy) [me.cx.vy.ct.ce.rg.bd.gl.Gl41MetalNative]: Loaded Voxy GL41Metal native library from bundled resource
[13:13:33] [Render thread/INFO] (Voxy) [me.cx.vy.ct.ce.rg.bd.gl.Gl41MetalNative]: Loaded Voxy GL41Metal shader library from bundled resource
[13:13:33] [Render thread/INFO] (Voxy) [me.cx.vy.ct.ce.rg.bd.RenderBackendSelector]: Selected Voxy render backend: GL41METAL (requested='auto', forced=false, reason='GL46 unavailable: compute=false, indirectParameters=false; GL41Metal capabilities are available')
[13:13:33] [Render thread/WARN] (Voxy) [me.cx.vy.ct.VoxyClient]: Voxy GL41Metal backend selected.
[13:13:33] [Render thread/INFO] (Iris) Debug functionality is disabled.
[13:13:33] [Render thread/INFO] (Iris) DSA support not detected.
[13:13:33] [Render thread/INFO] (Iris) Shaders are disabled because enableShaders is set to false in iris.properties
[13:13:34] [Render thread/INFO] (Iris) Hardware information:
[13:13:34] [Render thread/INFO] (Iris) CPU: 12x Apple M2 Max
[13:13:34] [Render thread/INFO] (Iris) GPU: Apple M2 Max (Supports OpenGL 4.1 Metal - 91.7)
[13:13:34] [Render thread/INFO] (Iris) OS: Mac OS X (27.0)
[13:13:34] [Render thread/INFO] (Minecraft) Reloading ResourceManager: vanilla, fabric, chunky, cloth-config, devauth, fabric-api, fabric-api-base, fabric-api-lookup-api-v1, fabric-biome-api-v1, fabric-block-api-v1, fabric-block-view-api-v2, fabric-blockrenderlayer-v1, fabric-client-tags-api-v1, fabric-command-api-v1, fabric-command-api-v2, fabric-commands-v0, fabric-content-registries-v0, fabric-convention-tags-v1, fabric-convention-tags-v2, fabric-crash-report-info-v1, fabric-data-attachment-api-v1, fabric-data-generation-api-v1, fabric-dimensions-v1, fabric-entity-events-v1, fabric-events-interaction-v0, fabric-game-rule-api-v1, fabric-gametest-api-v1, fabric-item-api-v1, fabric-item-group-api-v1, fabric-key-binding-api-v1, fabric-keybindings-v0, fabric-lifecycle-events-v1, fabric-loot-api-v2, fabric-loot-api-v3, fabric-message-api-v1, fabric-model-loading-api-v1, fabric-networking-api-v1, fabric-object-builder-api-v1, fabric-particles-v1, fabric-recipe-api-v1, fabric-registry-sync-v0, fabric-renderer-api-v1, fabric-renderer-indigo, fabric-renderer-registries-v1, fabric-rendering-data-attachment-v1, fabric-rendering-fluids-v1, fabric-rendering-v0, fabric-rendering-v1, fabric-resource-conditions-api-v1, fabric-resource-loader-v0, fabric-screen-api-v1, fabric-screen-handler-api-v1, fabric-sound-api-v1, fabric-transfer-api-v1, fabric-transitive-access-wideners-v1, fabricloader, iris, lithium, modmenu, nvidium, sodium, sodium-extra, spark, voxy, voxyworldgenv2
[13:13:34] [Worker-Main-3/INFO] (Minecraft) Found unifont_all_no_pua-15.1.05.hex, loading
[13:13:34] [Worker-Main-6/WARN] (FabricLoader/Mixin) Static binding violation: PRIVATE @Overwrite method alphaBlend in sodium-common.mixins.json:features.textures.mipmaps.MipmapGeneratorMixin from mod sodium cannot reduce visibiliy of PUBLIC target method, visibility will be upgraded.
[13:13:34] [Worker-Main-6/INFO] (Minecraft) Found unifont_jp_patch-15.1.05.hex, loading
[13:13:35] [Render thread/WARN] (Minecraft) Missing sound for event: minecraft:item.goat_horn.play
[13:13:35] [Render thread/WARN] (Minecraft) Missing sound for event: minecraft:entity.goat.screaming.horn_break
[13:13:35] [Render thread/INFO] (Minecraft) OpenAL initialized on device Obsidian Night
[13:13:35] [Render thread/INFO] (Minecraft) Sound engine started
[13:13:35] [Render thread/INFO] (Minecraft) Created: 1024x512x4 minecraft:textures/atlas/blocks.png-atlas
[13:13:35] [Render thread/INFO] (Minecraft) Created: 256x256x4 minecraft:textures/atlas/signs.png-atlas
[13:13:35] [Render thread/INFO] (Minecraft) Created: 512x512x4 minecraft:textures/atlas/shield_patterns.png-atlas
[13:13:35] [Render thread/INFO] (Minecraft) Created: 512x512x4 minecraft:textures/atlas/banner_patterns.png-atlas
[13:13:35] [Render thread/INFO] (Minecraft) Created: 1024x1024x4 minecraft:textures/atlas/armor_trims.png-atlas
[13:13:35] [Render thread/INFO] (Minecraft) Created: 256x256x4 minecraft:textures/atlas/chest.png-atlas
[13:13:35] [Render thread/INFO] (Minecraft) Created: 128x64x4 minecraft:textures/atlas/decorated_pot.png-atlas
[13:13:35] [Render thread/INFO] (Minecraft) Created: 512x256x4 minecraft:textures/atlas/shulker_boxes.png-atlas
[13:13:35] [Render thread/INFO] (Minecraft) Created: 512x256x4 minecraft:textures/atlas/beds.png-atlas
[13:13:35] [Render thread/INFO] (Minecraft) Created: 512x256x0 minecraft:textures/atlas/particles.png-atlas
[13:13:35] [Render thread/INFO] (Minecraft) Created: 512x256x0 minecraft:textures/atlas/paintings.png-atlas
[13:13:35] [Render thread/INFO] (Minecraft) Created: 256x128x0 minecraft:textures/atlas/mob_effects.png-atlas
[13:13:35] [Render thread/INFO] (Minecraft) Created: 64x64x0 minecraft:textures/atlas/map_decorations.png-atlas
[13:13:35] [Render thread/INFO] (Minecraft) Created: 1024x512x0 minecraft:textures/atlas/gui.png-atlas
[13:13:35] [Render thread/WARN] (Minecraft) Shader rendertype_entity_translucent_emissive could not find sampler named Sampler2 in the specified shader program.
[13:13:35] [Render thread/INFO] (Minecraft) Connecting to localhost, 25564
[13:13:36] [Render thread/INFO] (Voxy) [me.cx.vy.cl.VoxyInstance]: Initializing voxy instance
[13:13:36] [Render thread/INFO] (Voxy) [me.cx.vy.cl.VoxyInstance]: Dedicated voxy thread pool size: 8
[13:13:36] [Render thread/INFO] (Iris) Reloading pipeline on dimension change: null => minecraft:overworld
[13:13:36] [Render thread/INFO] (Iris) Creating pipeline for dimension minecraft:overworld
[13:13:36] [Render thread/INFO] (Voxy) [me.cx.vy.cl.VoxyInstance]: Creating new world engine: 8839824707307977922@1059844100
[13:13:37] [Render thread/INFO] (Voxy) [me.cx.vy.ct.ce.VoxyRenderSystem]: Creating Voxy render system
[13:13:37] [Render thread/INFO] (Voxy) [me.cx.vy.ct.ce.ml.by.Gl41OffscreenModelTextureBakery]: GL41 offscreen model bakery active
[13:13:37] [Render thread/INFO] (Voxy) [me.cx.vy.ct.ce.rg.bd.gl.Gl41MetalTerrainResources]: Created GL41Metal Metal LOD/culling worklist resources
[13:13:37] [Render thread/INFO] (Voxy) [me.cx.vy.ct.ce.rg.bd.gl.Gl41MetalRenderBackend]: Created Voxy GL41Metal shared texture backend with Metal LOD/culling and quad raster.
[13:13:37] [Render thread/INFO] (Voxy) [me.cx.vy.ct.ce.VoxyRenderSystem]: Voxy render system created with backend 'GL41METAL'
[13:13:37] [Render thread/INFO] (ChunkBuilder) Started 6 worker threads
[13:13:37] [Render thread/INFO] (Voxy) [me.cx.vy.cl.VoxyInstance]: Dedicated voxy thread pool size: 2
[13:13:37] [Render thread/INFO] (Minecraft) Loaded 12 advancements
[13:13:37] [Render thread/INFO] (Voxy) [me.cx.vy.ct.ce.rg.bd.gl.Gl41MetalRenderBackend]: Voxy GL41Metal shared gbuffer initialized: device=Apple M2 Max, target=0x84f5, slots=3, size=1708x960, formats=gbuffer0=RGBA32F(uv+tile),gbuffer1=RGBA32F(depth+ids),gbuffer2=RGBA32F(packed albedo/light/tint/face/flags/coverage)
2026-08-18 13:13:38.084 java[76372:1424231] GL41Metal opaque mesh pipeline created (batch=32)
2026-08-18 13:13:38.084 java[76372:1424231] GL41Metal translucent mesh pipeline created (batch=32)
2026-08-18 13:13:38.084 java[76372:1424231] GL41Metal distant SSAO pipeline created
[13:13:38] [Render thread/INFO] (Voxy) [me.cx.vy.ct.ce.rg.bd.gl.Gl41MetalTerrainResources]: GL41Metal terrain native resources initialized: maxSections=262144, geometryCapacity=4294967296, maxNodes=2097152, traversalQueue=200000, traversalRequests=1024, worklistItems=400000, rasterQuads=8000000, atlas=12288x8192 mips=4, atlasUploads=enabled
[13:13:38] [Render thread/INFO] (Voxy) [me.cx.vy.ct.ce.rg.bd.gl.Gl41MetalMaterialStore]: GL41Metal model fallback invisible for Block{minecraft:air} as opaque model 0
[13:13:38] [Render thread/INFO] (Voxy) [me.cx.vy.ct.ce.rg.bd.gl.Gl41MetalMaterialStore]: GL41Metal material store uploaded first model 0
[13:13:38] [Render thread/INFO] (Minecraft) [STDOUT]: Lithium Cached BlockState Flags are disabled!
[13:13:38] [Render thread/INFO] (voxyworldgenv2) uploaded 54 known LOD regions for minecraft:overworld in 1 packet(s)
UNSUPPORTED (log once): gldCopyBufferSubData: NEEDS IMPLEMENTATION
[13:13:38] [Render thread/INFO] (Voxy) [me.cx.vy.ct.ce.rg.bd.gl.Gl41MetalSlotScheduler]: Voxy GL41Metal compositing the previous completed frame while Metal work is busy (bounded wait); further occurrences are counted, not logged
[13:13:38] [Render thread/INFO] (Voxy) [me.cx.vy.ct.ce.rg.bd.gl.GlDistantTerrainBridge]: Voxy GL41Metal distant terrain bridge sampled shared textures (vanilla built-in)
[13:13:38] [Render thread/INFO] (Voxy) [me.cx.vy.ct.ce.rg.bd.gl.GlDistantTerrainBridge]: Voxy GL41Metal distant translucent bridge composited shared water textures (vanilla built-in water)
[13:13:38] [Render thread/INFO] (Voxy) [me.cx.vy.ct.ce.rg.bd.gl.Gl41MetalTerrainResources]: GL41Metal terrain Metal validation passed: resident=11, geometryBytes=27128, uploadedSections=11, removedSections=0, uploadedModels=40, uploadedBiomes=8, validationResident=11, validationQuads=3391, validationModels=35, missingModels=9, invalidOffsets=0, invalidModelIds=0, topNodes=15, uploadedNodes=15, traversalVisited=0, worklist=0, requests=0, emittedRequests=0, traversalQuads=0, rasterInputQuads=0, rasterProcessedQuads=0, rasterOpaqueQuads=0, rasterSkippedQuads=0, rasterPixels=0, rasterMissingModels=0, rasterClippedQuads=0
[13:13:39] [Render thread/INFO] (Voxy) [me.cx.vy.ct.ce.rg.bd.gl.Gl41MetalMaterialStore]: GL41Metal model fallback invisible for Block{minecraft:bubble_column}[drag=true] as translucent model 265
[13:13:39] [Render thread/INFO] (Voxy) [me.cx.vy.ct.ce.rg.bd.gl.Gl41MetalMaterialStore]: GL41Metal model fallback no_quads for Block{minecraft:chest}[facing=south,type=single,waterlogged=false] as opaque model 357
[13:13:39] [Render thread/INFO] (Voxy) [me.cx.vy.ct.ce.rg.bd.gl.Gl41MetalMaterialStore]: GL41Metal model fallback no_quads for Block{minecraft:magenta_bed}[facing=west,occupied=false,part=foot] as cutout model 419
[13:13:43] [Render thread/INFO] (Voxy) [me.cx.vy.ct.ce.rg.bd.gl.Gl41MetalFrameProfiler]: GL41Metal perf [120 frames / 2000ms]: avg tick=0.47 submit=1.31 wait=6.10 bound=0.11 opaqueGL=0.23 transGL=0.00 metalGPU=5.87 | voxyTotal=8.21 ms | max wait=6.80 opaqueGL=0.52 metalGPU=9.73
[13:13:49] [Render thread/INFO] (Voxy) [me.cx.vy.ct.ce.rg.bd.gl.Gl41MetalFrameProfiler]: GL41Metal perf [120 frames / 1924ms]: avg tick=0.69 submit=1.33 wait=5.40 bound=0.11 opaqueGL=0.21 transGL=0.00 metalGPU=4.94 | voxyTotal=7.73 ms | max wait=6.78 opaqueGL=0.69 metalGPU=9.52
[13:13:51] [Render thread/INFO] (Voxy) [me.cx.vy.ct.ce.rg.bd.gl.Gl41MetalMaterialStore]: GL41Metal model fallback no_quads for Block{minecraft:chest}[facing=south,type=single,waterlogged=true] as opaque model 557
[13:13:51] [Render thread/INFO] (voxyworldgenv2) voxy integration initialized (enabled: true, raw: true, voxyEnabled: true)
[13:13:55] [Render thread/INFO] (Voxy) [me.cx.vy.ct.ce.rg.bd.gl.Gl41MetalFrameProfiler]: GL41Metal perf [120 frames / 1805ms]: avg tick=0.55 submit=1.35 wait=5.42 bound=0.14 opaqueGL=0.24 transGL=0.00 metalGPU=4.71 | voxyTotal=7.69 ms | max wait=6.78 opaqueGL=0.64 metalGPU=10.69
[13:13:56] [Render thread/INFO] (Voxy) [me.cx.vy.ct.ce.rg.bd.gl.Gl41MetalRenderBackend]: Voxy GL41Metal shared gbuffer resized: device=Apple M2 Max, target=0x84f5, slots=3, size=4112x2524, formats=gbuffer0=RGBA32F(uv+tile),gbuffer1=RGBA32F(depth+ids),gbuffer2=RGBA32F(packed albedo/light/tint/face/flags/coverage)
[13:13:56] [Render thread/INFO] (Voxy) [me.cx.vy.ct.ce.rg.bd.gl.Gl41MetalSlotScheduler]: Voxy GL41Metal compositing the previous completed frame while Metal work is busy (bounded wait); further occurrences are counted, not logged
[13:14:00] [Render thread/INFO] (Voxy) [me.cx.vy.ct.ce.rg.bd.gl.Gl41MetalFrameProfiler]: GL41Metal perf [120 frames / 2161ms]: avg tick=2.76 submit=1.40 wait=6.72 bound=0.24 opaqueGL=0.30 transGL=0.00 metalGPU=13.15 | voxyTotal=11.42 ms | max wait=6.78 opaqueGL=0.57 metalGPU=17.98
[13:14:06] [Render thread/INFO] (Voxy) [me.cx.vy.ct.ce.rg.bd.gl.Gl41MetalFrameProfiler]: GL41Metal perf [120 frames / 2093ms]: avg tick=3.10 submit=1.40 wait=6.71 bound=0.30 opaqueGL=0.28 transGL=0.00 metalGPU=13.93 | voxyTotal=11.79 ms | max wait=6.78 opaqueGL=0.49 metalGPU=36.76
[13:14:13] [Render thread/INFO] (Voxy) [me.cx.vy.ct.ce.rg.bd.gl.Gl41MetalFrameProfiler]: GL41Metal perf [120 frames / 2076ms]: avg tick=1.65 submit=1.42 wait=6.72 bound=0.16 opaqueGL=0.27 transGL=0.00 metalGPU=13.80 | voxyTotal=10.23 ms | max wait=6.79 opaqueGL=0.48 metalGPU=17.29
[13:14:19] [Render thread/INFO] (Voxy) [me.cx.vy.ct.ce.rg.bd.gl.Gl41MetalFrameProfiler]: GL41Metal perf [120 frames / 2084ms]: avg tick=1.51 submit=1.43 wait=6.71 bound=0.17 opaqueGL=0.28 transGL=0.00 metalGPU=13.83 | voxyTotal=10.10 ms | max wait=6.79 opaqueGL=0.44 metalGPU=18.12
[13:14:24] [Render thread/WARN] (Voxy) [me.cx.vy.ct.ce.rg.bd.gl.Gl41MetalSlotScheduler]: Voxy GL41Metal had no free shared slot for Metal submission
[13:14:25] [Render thread/INFO] (Voxy) [me.cx.vy.ct.ce.rg.bd.gl.Gl41MetalFrameProfiler]: GL41Metal perf [120 frames / 2079ms]: avg tick=1.88 submit=1.42 wait=6.65 bound=0.17 opaqueGL=0.29 transGL=0.00 metalGPU=13.67 | voxyTotal=10.40 ms | max wait=6.78 opaqueGL=0.41 metalGPU=16.70
[13:14:31] [Render thread/INFO] (Voxy) [me.cx.vy.ct.ce.rg.bd.gl.Gl41MetalFrameProfiler]: GL41Metal perf [120 frames / 1692ms]: avg tick=1.26 submit=1.37 wait=6.68 bound=0.47 opaqueGL=0.29 transGL=0.00 metalGPU=10.33 | voxyTotal=10.08 ms | max wait=6.79 opaqueGL=0.58 metalGPU=59.68
[13:14:38] [Render thread/INFO] (Voxy) [me.cx.vy.ct.ce.rg.bd.gl.Gl41MetalFrameProfiler]: GL41Metal perf [120 frames / 2000ms]: avg tick=2.13 submit=1.39 wait=6.67 bound=0.15 opaqueGL=0.27 transGL=0.00 metalGPU=13.13 | voxyTotal=10.62 ms | max wait=6.78 opaqueGL=0.35 metalGPU=16.94
[13:14:44] [Render thread/INFO] (Voxy) [me.cx.vy.ct.ce.rg.bd.gl.Gl41MetalFrameProfiler]: GL41Metal perf [120 frames / 2021ms]: avg tick=1.23 submit=1.42 wait=6.71 bound=0.15 opaqueGL=0.27 transGL=0.00 metalGPU=13.25 | voxyTotal=9.77 ms | max wait=6.78 opaqueGL=0.36 metalGPU=16.35
[13:14:45] [Render thread/INFO] (Voxy) [me.cx.vy.ct.ce.rg.bd.gl.Gl41MetalRenderBackend]: Shutting down Voxy GL41Metal shared texture backend
[13:14:45] [Render thread/INFO] (Voxy) [me.cx.vy.ct.ce.rg.bd.gl.Gl41MetalRenderBackend]: Voxy GL41Metal slot stats: submitted=2758, sampledCurrent=0, skippedCurrent=2759, noFreeSlot=1, pacedSubmits=0, reusedHeld=1, timeouts=1, retiring=0, maxWaitMs=6.793, waitTimeoutMs=6, waitMode=debug-bounded-current
[13:14:45] [Render thread/INFO] (Voxy) [me.cx.vy.ct.ce.VoxyRenderSystem]: Render shutdown completed
[13:14:45] [Render thread/INFO] (Voxy) [me.cx.vy.ct.ce.VoxyRenderSystem]: Creating Voxy render system
[13:14:45] [Render thread/INFO] (Voxy) [me.cx.vy.ct.ce.ml.by.Gl41OffscreenModelTextureBakery]: GL41 offscreen model bakery active
[13:14:45] [Render thread/INFO] (Voxy) [me.cx.vy.ct.ce.rg.bd.gl.Gl41MetalTerrainResources]: Created GL41Metal Metal LOD/culling worklist resources
[13:14:45] [Render thread/INFO] (Voxy) [me.cx.vy.ct.ce.rg.bd.gl.Gl41MetalRenderBackend]: Created Voxy GL41Metal shared texture backend with Metal LOD/culling and quad raster.
[13:14:45] [Render thread/INFO] (Voxy) [me.cx.vy.ct.ce.VoxyRenderSystem]: Voxy render system created with backend 'GL41METAL'
[13:14:45] [Render thread/INFO] (ChunkBuilder) Stopping worker threads
[13:14:45] [Render thread/INFO] (ChunkBuilder) Started 6 worker threads
[13:14:45] [Render thread/INFO] (Sodium) Flushed changes to Minecraft configuration
[13:14:45] [Render thread/INFO] (Voxy) [me.cx.vy.ct.ce.rg.bd.gl.Gl41MetalRenderBackend]: Voxy GL41Metal shared gbuffer initialized: device=Apple M2 Max, target=0x84f5, slots=3, size=4112x2524, formats=gbuffer0=RGBA32F(uv+tile),gbuffer1=RGBA32F(depth+ids),gbuffer2=RGBA32F(packed albedo/light/tint/face/flags/coverage)
2026-08-18 13:14:45.910 java[76372:1424231] GL41Metal opaque mesh pipeline created (batch=32)
2026-08-18 13:14:45.911 java[76372:1424231] GL41Metal translucent mesh pipeline created (batch=32)
2026-08-18 13:14:45.911 java[76372:1424231] GL41Metal distant SSAO pipeline created
[13:14:45] [Render thread/INFO] (Voxy) [me.cx.vy.ct.ce.rg.bd.gl.Gl41MetalTerrainResources]: GL41Metal terrain native resources initialized: maxSections=262144, geometryCapacity=4294967296, maxNodes=2097152, traversalQueue=200000, traversalRequests=1024, worklistItems=400000, rasterQuads=8000000, atlas=12288x8192 mips=4, atlasUploads=enabled
[13:14:45] [Render thread/INFO] (Voxy) [me.cx.vy.ct.ce.rg.bd.gl.Gl41MetalMaterialStore]: GL41Metal model fallback invisible for Block{minecraft:air} as opaque model 0
[13:14:45] [Render thread/INFO] (Voxy) [me.cx.vy.ct.ce.rg.bd.gl.Gl41MetalMaterialStore]: GL41Metal material store uploaded first model 0
[13:14:46] [Render thread/INFO] (Voxy) [me.cx.vy.ct.ce.rg.bd.gl.Gl41MetalTerrainResources]: GL41Metal terrain Metal validation passed: resident=8, geometryBytes=16896, uploadedSections=8, removedSections=0, uploadedModels=1, uploadedBiomes=0, validationResident=8, validationQuads=2112, validationModels=0, missingModels=32, invalidOffsets=0, invalidModelIds=0, topNodes=8, uploadedNodes=8, traversalVisited=0, worklist=0, requests=0, emittedRequests=0, traversalQuads=0, rasterInputQuads=0, rasterProcessedQuads=0, rasterOpaqueQuads=0, rasterSkippedQuads=0, rasterPixels=0, rasterMissingModels=0, rasterClippedQuads=0
[13:14:46] [Render thread/INFO] (Voxy) [me.cx.vy.ct.ce.rg.bd.gl.Gl41MetalSlotScheduler]: Voxy GL41Metal compositing the previous completed frame while Metal work is busy (bounded wait); further occurrences are counted, not logged
[13:14:46] [Render thread/INFO] (Voxy) [me.cx.vy.ct.ce.rg.bd.gl.GlDistantTerrainBridge]: Voxy GL41Metal distant terrain bridge sampled shared textures (vanilla built-in)
[13:14:46] [Render thread/INFO] (Voxy) [me.cx.vy.ct.ce.rg.bd.gl.GlDistantTerrainBridge]: Voxy GL41Metal distant translucent bridge composited shared water textures (vanilla built-in water)
[13:14:46] [Render thread/INFO] (Voxy) [me.cx.vy.ct.ce.rg.bd.gl.Gl41MetalMaterialStore]: GL41Metal model fallback no_quads for Block{minecraft:chest}[facing=east,type=single,waterlogged=false] as opaque model 267
[13:14:46] [Render thread/INFO] (Voxy) [me.cx.vy.ct.ce.rg.bd.gl.Gl41MetalMaterialStore]: GL41Metal model fallback invisible for Block{minecraft:bubble_column}[drag=true] as translucent model 285
[13:14:46] [Render thread/INFO] (Voxy) [me.cx.vy.ct.ce.rg.bd.gl.Gl41MetalMaterialStore]: GL41Metal model fallback no_quads for Block{minecraft:white_bed}[facing=north,occupied=false,part=foot] as cutout model 444
[13:14:47] [Render thread/INFO] (Voxy) [me.cx.vy.ct.ce.rg.bd.gl.Gl41MetalMaterialStore]: GL41Metal model fallback no_quads for Block{minecraft:chest}[facing=north,type=single,waterlogged=true] as opaque model 639
[13:14:51] [Render thread/INFO] (Voxy) [me.cx.vy.ct.ce.rg.bd.gl.Gl41MetalFrameProfiler]: GL41Metal perf [120 frames / 2255ms]: avg tick=3.41 submit=1.44 wait=6.67 bound=0.21 opaqueGL=0.27 transGL=0.00 metalGPU=13.32 | voxyTotal=12.01 ms | max wait=6.78 opaqueGL=0.46 metalGPU=17.72
[13:14:57] [Render thread/INFO] (Voxy) [me.cx.vy.ct.ce.rg.bd.gl.Gl41MetalFrameProfiler]: GL41Metal perf [120 frames / 1862ms]: avg tick=2.45 submit=1.38 wait=6.37 bound=0.14 opaqueGL=0.23 transGL=0.00 metalGPU=11.35 | voxyTotal=10.57 ms | max wait=6.77 opaqueGL=0.44 metalGPU=18.28
[13:15:02] [Render thread/INFO] (Voxy) [me.cx.vy.ct.ce.rg.bd.gl.Gl41MetalFrameProfiler]: GL41Metal perf [120 frames / 1485ms]: avg tick=0.95 submit=1.41 wait=6.29 bound=0.12 opaqueGL=0.24 transGL=0.00 metalGPU=7.28 | voxyTotal=9.00 ms | max wait=6.79 opaqueGL=0.54 metalGPU=16.41
[13:15:09] [Render thread/INFO] (Voxy) [me.cx.vy.ct.ce.rg.bd.gl.Gl41MetalFrameProfiler]: GL41Metal perf [120 frames / 2274ms]: avg tick=3.06 submit=1.38 wait=6.70 bound=0.19 opaqueGL=0.23 transGL=0.00 metalGPU=15.25 | voxyTotal=11.57 ms | max wait=6.77 opaqueGL=0.38 metalGPU=19.98
[13:15:16] [Render thread/INFO] (Voxy) [me.cx.vy.ct.ce.rg.bd.gl.Gl41MetalFrameProfiler]: GL41Metal perf [120 frames / 2302ms]: avg tick=3.01 submit=1.42 wait=6.70 bound=0.27 opaqueGL=0.79 transGL=0.00 metalGPU=14.81 | voxyTotal=12.19 ms | max wait=6.79 opaqueGL=64.60 metalGPU=88.33
[13:15:22] [Render thread/INFO] (Voxy) [me.cx.vy.ct.ce.rg.bd.gl.Gl41MetalFrameProfiler]: GL41Metal perf [120 frames / 2945ms]: avg tick=5.02 submit=1.39 wait=6.73 bound=0.18 opaqueGL=0.23 transGL=0.00 metalGPU=20.19 | voxyTotal=13.55 ms | max wait=6.77 opaqueGL=0.31 metalGPU=23.60
[13:15:29] [Render thread/INFO] (Voxy) [me.cx.vy.ct.ce.rg.bd.gl.Gl41MetalFrameProfiler]: GL41Metal perf [120 frames / 2282ms]: avg tick=3.83 submit=1.38 wait=6.72 bound=0.33 opaqueGL=0.23 transGL=0.00 metalGPU=15.23 | voxyTotal=12.49 ms | max wait=6.78 opaqueGL=0.51 metalGPU=35.46
[13:15:34] [Render thread/WARN] (Voxy) [me.cx.vy.ct.ce.rg.bd.gl.Gl41MetalSlotScheduler]: Voxy GL41Metal had no free shared slot for Metal submission
[13:15:36] [Render thread/INFO] (Voxy) [me.cx.vy.ct.ce.rg.bd.gl.Gl41MetalFrameProfiler]: GL41Metal perf [120 frames / 2380ms]: avg tick=2.80 submit=1.43 wait=6.66 bound=0.14 opaqueGL=0.24 transGL=0.00 metalGPU=16.11 | voxyTotal=11.26 ms | max wait=6.78 opaqueGL=0.76 metalGPU=20.01
[13:15:43] [Render thread/INFO] (Voxy) [me.cx.vy.ct.ce.rg.bd.gl.Gl41MetalFrameProfiler]: GL41Metal perf [120 frames / 2309ms]: avg tick=3.24 submit=1.40 wait=6.61 bound=0.13 opaqueGL=0.22 transGL=0.00 metalGPU=16.01 | voxyTotal=11.60 ms | max wait=6.77 opaqueGL=0.46 metalGPU=19.67
[13:15:50] [Render thread/INFO] (Voxy) [me.cx.vy.ct.ce.rg.bd.gl.Gl41MetalFrameProfiler]: GL41Metal perf [120 frames / 2341ms]: avg tick=2.82 submit=1.47 wait=6.71 bound=0.15 opaqueGL=0.25 transGL=0.00 metalGPU=16.04 | voxyTotal=11.39 ms | max wait=6.78 opaqueGL=0.49 metalGPU=20.82
[13:15:54] [Render thread/INFO] (Voxy) [me.cx.vy.ct.ce.rg.bd.gl.Gl41MetalRenderBackend]: Shutting down Voxy GL41Metal shared texture backend
[13:15:54] [Render thread/INFO] (Voxy) [me.cx.vy.ct.ce.rg.bd.gl.Gl41MetalRenderBackend]: Voxy GL41Metal slot stats: submitted=3561, sampledCurrent=195, skippedCurrent=3368, noFreeSlot=2, pacedSubmits=0, reusedHeld=33, timeouts=32, retiring=0, maxWaitMs=18.499, waitTimeoutMs=6, waitMode=debug-bounded-current
[13:15:54] [Render thread/INFO] (Voxy) [me.cx.vy.ct.ce.VoxyRenderSystem]: Render shutdown completed
[13:15:54] [Render thread/INFO] (ChunkBuilder) Stopping worker threads
[13:15:54] [Render thread/INFO] (Voxy) [me.cx.vy.cl.VoxyInstance]: Shutting down voxy instance
[13:15:55] [Render thread/INFO] (Voxy) [me.cx.vy.cl.VoxyInstance]: Instance shutdown
[13:15:57] [Render thread/INFO] (Minecraft) Connecting to localhost, 25564
[13:15:57] [Render thread/INFO] (Voxy) [me.cx.vy.cl.VoxyInstance]: Initializing voxy instance
[13:15:57] [Render thread/INFO] (Voxy) [me.cx.vy.cl.VoxyInstance]: Dedicated voxy thread pool size: 8
[13:15:57] [Render thread/INFO] (Iris) Reloading pipeline on dimension change: null => minecraft:overworld
[13:15:57] [Render thread/INFO] (Iris) Destroying pipeline minecraft:overworld
[13:15:57] [Render thread/INFO] (Iris) Creating pipeline for dimension minecraft:overworld
[13:15:57] [Render thread/INFO] (Voxy) [me.cx.vy.cl.VoxyInstance]: Creating new world engine: 8839824707307977922@780094718
[13:15:57] [Render thread/INFO] (Voxy) [me.cx.vy.ct.ce.VoxyRenderSystem]: Creating Voxy render system
[13:15:58] [Render thread/INFO] (Voxy) [me.cx.vy.ct.ce.ml.by.Gl41OffscreenModelTextureBakery]: GL41 offscreen model bakery active
[13:15:58] [Render thread/INFO] (Voxy) [me.cx.vy.ct.ce.rg.bd.gl.Gl41MetalTerrainResources]: Created GL41Metal Metal LOD/culling worklist resources
[13:15:58] [Render thread/INFO] (Voxy) [me.cx.vy.ct.ce.rg.bd.gl.Gl41MetalRenderBackend]: Created Voxy GL41Metal shared texture backend with Metal LOD/culling and quad raster.
[13:15:58] [Render thread/INFO] (Voxy) [me.cx.vy.ct.ce.VoxyRenderSystem]: Voxy render system created with backend 'GL41METAL'
[13:15:58] [Render thread/INFO] (ChunkBuilder) Started 6 worker threads
[13:15:58] [Render thread/INFO] (Voxy) [me.cx.vy.cl.VoxyInstance]: Dedicated voxy thread pool size: 2
[13:15:58] [Render thread/INFO] (Minecraft) Loaded 12 advancements
[13:15:58] [Render thread/INFO] (Voxy) [me.cx.vy.ct.ce.rg.bd.gl.Gl41MetalRenderBackend]: Voxy GL41Metal shared gbuffer initialized: device=Apple M2 Max, target=0x84f5, slots=3, size=4112x2524, formats=gbuffer0=RGBA32F(uv+tile),gbuffer1=RGBA32F(depth+ids),gbuffer2=RGBA32F(packed albedo/light/tint/face/flags/coverage)
2026-08-18 13:15:58.421 java[76372:1424231] GL41Metal opaque mesh pipeline created (batch=32)
2026-08-18 13:15:58.421 java[76372:1424231] GL41Metal translucent mesh pipeline created (batch=32)
2026-08-18 13:15:58.421 java[76372:1424231] GL41Metal distant SSAO pipeline created
[13:15:58] [Render thread/INFO] (Voxy) [me.cx.vy.ct.ce.rg.bd.gl.Gl41MetalTerrainResources]: GL41Metal terrain native resources initialized: maxSections=262144, geometryCapacity=4294967296, maxNodes=2097152, traversalQueue=200000, traversalRequests=1024, worklistItems=400000, rasterQuads=8000000, atlas=12288x8192 mips=4, atlasUploads=enabled
[13:15:58] [Render thread/INFO] (Voxy) [me.cx.vy.ct.ce.rg.bd.gl.Gl41MetalMaterialStore]: GL41Metal model fallback invisible for Block{minecraft:air} as opaque model 0
[13:15:58] [Render thread/INFO] (Voxy) [me.cx.vy.ct.ce.rg.bd.gl.Gl41MetalMaterialStore]: GL41Metal material store uploaded first model 0
[13:15:58] [Render thread/INFO] (voxyworldgenv2) uploaded 57 known LOD regions for minecraft:overworld in 1 packet(s)
[13:15:58] [Render thread/INFO] (Voxy) [me.cx.vy.ct.ce.rg.bd.gl.Gl41MetalTerrainResources]: GL41Metal terrain Metal validation passed: resident=11, geometryBytes=20336, uploadedSections=11, removedSections=0, uploadedModels=1, uploadedBiomes=0, validationResident=11, validationQuads=2542, validationModels=0, missingModels=44, invalidOffsets=0, invalidModelIds=0, topNodes=11, uploadedNodes=11, traversalVisited=0, worklist=0, requests=0, emittedRequests=0, traversalQuads=0, rasterInputQuads=0, rasterProcessedQuads=0, rasterOpaqueQuads=0, rasterSkippedQuads=0, rasterPixels=0, rasterMissingModels=0, rasterClippedQuads=0
[13:15:58] [Render thread/INFO] (Voxy) [me.cx.vy.ct.ce.rg.bd.gl.Gl41MetalSlotScheduler]: Voxy GL41Metal compositing the previous completed frame while Metal work is busy (bounded wait); further occurrences are counted, not logged
[13:15:58] [Render thread/INFO] (Voxy) [me.cx.vy.ct.ce.rg.bd.gl.GlDistantTerrainBridge]: Voxy GL41Metal distant terrain bridge sampled shared textures (vanilla built-in)
[13:15:58] [Render thread/INFO] (Voxy) [me.cx.vy.ct.ce.rg.bd.gl.GlDistantTerrainBridge]: Voxy GL41Metal distant translucent bridge composited shared water textures (vanilla built-in water)
UNSUPPORTED (log once): POSSIBLE ISSUE: unit 0 GLD_TEXTURE_INDEX_2D is unloadable and bound to sampler type (Float) - using zero texture because texture unloadable
[13:15:59] [Render thread/INFO] (Voxy) [me.cx.vy.ct.ce.rg.bd.gl.Gl41MetalMaterialStore]: GL41Metal model fallback invisible for Block{minecraft:bubble_column}[drag=true] as translucent model 320
[13:15:59] [Render thread/INFO] (Voxy) [me.cx.vy.ct.ce.rg.bd.gl.Gl41MetalMaterialStore]: GL41Metal model fallback no_quads for Block{minecraft:chest}[facing=north,type=single,waterlogged=false] as opaque model 372
[13:15:59] [Render thread/INFO] (Voxy) [me.cx.vy.ct.ce.rg.bd.gl.Gl41MetalMaterialStore]: GL41Metal model fallback no_quads for Block{minecraft:magenta_bed}[facing=west,occupied=false,part=foot] as cutout model 381
[13:15:59] [Render thread/INFO] (Voxy) [me.cx.vy.ct.ce.rg.bd.gl.Gl41MetalMaterialStore]: GL41Metal model fallback no_quads for Block{minecraft:chest}[facing=north,type=single,waterlogged=true] as opaque model 574
[13:16:03] [Render thread/INFO] (Voxy) [me.cx.vy.ct.ce.rg.bd.gl.Gl41MetalFrameProfiler]: GL41Metal perf [120 frames / 1945ms]: avg tick=3.38 submit=1.43 wait=6.54 bound=0.13 opaqueGL=0.20 transGL=0.00 metalGPU=12.63 | voxyTotal=11.67 ms | max wait=6.77 opaqueGL=0.42 metalGPU=18.42
[13:16:10] [Render thread/INFO] (Voxy) [me.cx.vy.ct.ce.rg.bd.gl.Gl41MetalFrameProfiler]: GL41Metal perf [120 frames / 2402ms]: avg tick=5.15 submit=1.39 wait=6.55 bound=0.12 opaqueGL=0.17 transGL=0.00 metalGPU=16.28 | voxyTotal=13.37 ms | max wait=6.77 opaqueGL=0.36 metalGPU=53.71
[13:16:14] [Render thread/INFO] (Voxy) [me.cx.vy.ct.ce.rg.bd.gl.Gl41MetalRenderBackend]: Shutting down Voxy GL41Metal shared texture backend
[13:16:14] [Render thread/INFO] (Voxy) [me.cx.vy.ct.ce.rg.bd.gl.Gl41MetalRenderBackend]: Voxy GL41Metal slot stats: submitted=829, sampledCurrent=1, skippedCurrent=828, noFreeSlot=0, pacedSubmits=0, reusedHeld=1, timeouts=2, retiring=0, maxWaitMs=6.776, waitTimeoutMs=6, waitMode=debug-bounded-current
[13:16:14] [Render thread/INFO] (Voxy) [me.cx.vy.ct.ce.VoxyRenderSystem]: Render shutdown completed
[13:16:14] [Render thread/INFO] (ChunkBuilder) Stopping worker threads
[13:16:14] [Render thread/INFO] (Voxy) [me.cx.vy.cl.VoxyInstance]: Shutting down voxy instance
[13:16:15] [Render thread/INFO] (Voxy) [me.cx.vy.cl.VoxyInstance]: Instance shutdown
[13:16:16] [Render thread/INFO] (Minecraft) Connecting to localhost, 25564
[13:16:17] [Render thread/INFO] (Voxy) [me.cx.vy.cl.VoxyInstance]: Initializing voxy instance
[13:16:17] [Render thread/INFO] (Voxy) [me.cx.vy.cl.VoxyInstance]: Dedicated voxy thread pool size: 8
[13:16:17] [Render thread/INFO] (Iris) Reloading pipeline on dimension change: null => minecraft:overworld
[13:16:17] [Render thread/INFO] (Iris) Destroying pipeline minecraft:overworld
[13:16:17] [Render thread/INFO] (Iris) Creating pipeline for dimension minecraft:overworld
[13:16:17] [Render thread/INFO] (Voxy) [me.cx.vy.cl.VoxyInstance]: Creating new world engine: 8839824707307977922@2146367212
[13:16:17] [Render thread/INFO] (Voxy) [me.cx.vy.ct.ce.VoxyRenderSystem]: Creating Voxy render system
[13:16:17] [Render thread/INFO] (Voxy) [me.cx.vy.ct.ce.ml.by.Gl41OffscreenModelTextureBakery]: GL41 offscreen model bakery active
[13:16:17] [Render thread/INFO] (Voxy) [me.cx.vy.ct.ce.rg.bd.gl.Gl41MetalTerrainResources]: Created GL41Metal Metal LOD/culling worklist resources
[13:16:17] [Render thread/INFO] (Voxy) [me.cx.vy.ct.ce.rg.bd.gl.Gl41MetalRenderBackend]: Created Voxy GL41Metal shared texture backend with Metal LOD/culling and quad raster.
[13:16:17] [Render thread/INFO] (Voxy) [me.cx.vy.ct.ce.VoxyRenderSystem]: Voxy render system created with backend 'GL41METAL'
[13:16:17] [Render thread/INFO] (ChunkBuilder) Started 6 worker threads
[13:16:17] [Render thread/INFO] (Voxy) [me.cx.vy.cl.VoxyInstance]: Dedicated voxy thread pool size: 2
[13:16:17] [Render thread/INFO] (Minecraft) Loaded 12 advancements
[13:16:17] [Render thread/INFO] (Voxy) [me.cx.vy.ct.ce.rg.bd.gl.Gl41MetalRenderBackend]: Voxy GL41Metal shared gbuffer initialized: device=Apple M2 Max, target=0x84f5, slots=3, size=4112x2524, formats=gbuffer0=RGBA32F(uv+tile),gbuffer1=RGBA32F(depth+ids),gbuffer2=RGBA32F(packed albedo/light/tint/face/flags/coverage)
2026-08-18 13:16:17.767 java[76372:1424231] GL41Metal opaque mesh pipeline created (batch=32)
2026-08-18 13:16:17.767 java[76372:1424231] GL41Metal translucent mesh pipeline created (batch=32)
2026-08-18 13:16:17.767 java[76372:1424231] GL41Metal distant SSAO pipeline created
[13:16:17] [Render thread/INFO] (Voxy) [me.cx.vy.ct.ce.rg.bd.gl.Gl41MetalTerrainResources]: GL41Metal terrain native resources initialized: maxSections=262144, geometryCapacity=4294967296, maxNodes=2097152, traversalQueue=200000, traversalRequests=1024, worklistItems=400000, rasterQuads=8000000, atlas=12288x8192 mips=4, atlasUploads=enabled
[13:16:17] [Render thread/INFO] (Voxy) [me.cx.vy.ct.ce.rg.bd.gl.Gl41MetalMaterialStore]: GL41Metal model fallback invisible for Block{minecraft:air} as opaque model 0
[13:16:17] [Render thread/INFO] (Voxy) [me.cx.vy.ct.ce.rg.bd.gl.Gl41MetalMaterialStore]: GL41Metal material store uploaded first model 0
[13:16:17] [Render thread/INFO] (voxyworldgenv2) uploaded 57 known LOD regions for minecraft:overworld in 1 packet(s)
[13:16:18] [Render thread/INFO] (Voxy) [me.cx.vy.ct.ce.rg.bd.gl.Gl41MetalTerrainResources]: GL41Metal terrain Metal validation passed: resident=11, geometryBytes=17496, uploadedSections=11, removedSections=0, uploadedModels=1, uploadedBiomes=0, validationResident=11, validationQuads=2187, validationModels=0, missingModels=44, invalidOffsets=0, invalidModelIds=0, topNodes=11, uploadedNodes=11, traversalVisited=0, worklist=0, requests=0, emittedRequests=0, traversalQuads=0, rasterInputQuads=0, rasterProcessedQuads=0, rasterOpaqueQuads=0, rasterSkippedQuads=0, rasterPixels=0, rasterMissingModels=0, rasterClippedQuads=0
[13:16:18] [Render thread/INFO] (Voxy) [me.cx.vy.ct.ce.rg.bd.gl.Gl41MetalSlotScheduler]: Voxy GL41Metal compositing the previous completed frame while Metal work is busy (bounded wait); further occurrences are counted, not logged
[13:16:18] [Render thread/INFO] (Voxy) [me.cx.vy.ct.ce.rg.bd.gl.GlDistantTerrainBridge]: Voxy GL41Metal distant terrain bridge sampled shared textures (vanilla built-in)
[13:16:18] [Render thread/INFO] (Voxy) [me.cx.vy.ct.ce.rg.bd.gl.GlDistantTerrainBridge]: Voxy GL41Metal distant translucent bridge composited shared water textures (vanilla built-in water)
[13:16:18] [Render thread/INFO] (Voxy) [me.cx.vy.ct.ce.rg.bd.gl.Gl41MetalMaterialStore]: GL41Metal model fallback no_quads for Block{minecraft:chest}[facing=east,type=single,waterlogged=false] as opaque model 227
[13:16:18] [Render thread/INFO] (Voxy) [me.cx.vy.ct.ce.rg.bd.gl.Gl41MetalMaterialStore]: GL41Metal model fallback invisible for Block{minecraft:bubble_column}[drag=true] as translucent model 436
[13:16:18] [Render thread/INFO] (Voxy) [me.cx.vy.ct.ce.rg.bd.gl.Gl41MetalMaterialStore]: GL41Metal model fallback no_quads for Block{minecraft:green_bed}[facing=north,occupied=false,part=foot] as cutout model 490
[13:16:22] [Render thread/INFO] (Voxy) [me.cx.vy.ct.ce.rg.bd.gl.Gl41MetalMaterialStore]: GL41Metal model fallback no_quads for Block{minecraft:chest}[facing=north,type=single,waterlogged=true] as opaque model 771
[13:16:23] [Render thread/INFO] (Voxy) [me.cx.vy.ct.ce.rg.bd.gl.Gl41MetalFrameProfiler]: GL41Metal perf [120 frames / 2604ms]: avg tick=4.82 submit=1.40 wait=6.52 bound=0.26 opaqueGL=0.20 transGL=0.00 metalGPU=16.88 | voxyTotal=13.19 ms | max wait=6.77 opaqueGL=0.59 metalGPU=39.45
[13:16:31] [Render thread/INFO] (Voxy) [me.cx.vy.ct.ce.rg.bd.gl.Gl41MetalFrameProfiler]: GL41Metal perf [120 frames / 2398ms]: avg tick=5.06 submit=1.41 wait=6.55 bound=0.33 opaqueGL=0.18 transGL=0.00 metalGPU=15.92 | voxyTotal=13.53 ms | max wait=6.77 opaqueGL=0.36 metalGPU=48.42
[13:16:37] [Render thread/INFO] (Voxy) [me.cx.vy.ct.ce.rg.bd.gl.Gl41MetalFrameProfiler]: GL41Metal perf [120 frames / 2077ms]: avg tick=3.37 submit=1.38 wait=6.74 bound=0.31 opaqueGL=0.23 transGL=0.00 metalGPU=13.93 | voxyTotal=12.04 ms | max wait=6.77 opaqueGL=0.86 metalGPU=37.14
[13:16:44] [Render thread/INFO] (Voxy) [me.cx.vy.ct.ce.rg.bd.gl.Gl41MetalFrameProfiler]: GL41Metal perf [120 frames / 2051ms]: avg tick=2.90 submit=1.39 wait=6.73 bound=0.13 opaqueGL=0.23 transGL=0.00 metalGPU=13.36 | voxyTotal=11.39 ms | max wait=6.78 opaqueGL=0.45 metalGPU=23.56
[13:16:49] [Render thread/INFO] (Voxy) [me.cx.vy.ct.ce.rg.bd.gl.Gl41MetalFrameProfiler]: GL41Metal perf [120 frames / 1665ms]: avg tick=0.42 submit=1.45 wait=6.77 bound=0.46 opaqueGL=0.32 transGL=0.00 metalGPU=8.30 | voxyTotal=9.42 ms | max wait=24.54 opaqueGL=0.55 metalGPU=9.44
[13:16:56] [Render thread/INFO] (Voxy) [me.cx.vy.ct.ce.rg.bd.gl.Gl41MetalFrameProfiler]: GL41Metal perf [120 frames / 2192ms]: avg tick=3.63 submit=1.39 wait=6.69 bound=0.15 opaqueGL=0.24 transGL=0.00 metalGPU=14.91 | voxyTotal=12.11 ms | max wait=6.77 opaqueGL=0.41 metalGPU=18.60
[13:17:03] [Render thread/INFO] (Voxy) [me.cx.vy.ct.ce.rg.bd.gl.Gl41MetalFrameProfiler]: GL41Metal perf [120 frames / 2565ms]: avg tick=5.17 submit=1.40 wait=6.70 bound=0.14 opaqueGL=0.22 transGL=0.00 metalGPU=17.80 | voxyTotal=13.64 ms | max wait=6.77 opaqueGL=0.33 metalGPU=20.83
[13:17:10] [Render thread/INFO] (Voxy) [me.cx.vy.ct.ce.rg.bd.gl.Gl41MetalFrameProfiler]: GL41Metal perf [120 frames / 2423ms]: avg tick=4.36 submit=1.38 wait=6.69 bound=0.15 opaqueGL=0.21 transGL=0.00 metalGPU=16.73 | voxyTotal=12.79 ms | max wait=6.78 opaqueGL=0.37 metalGPU=20.25
[13:17:18] [Render thread/INFO] (Voxy) [me.cx.vy.ct.ce.rg.bd.gl.Gl41MetalFrameProfiler]: GL41Metal perf [120 frames / 2851ms]: avg tick=5.57 submit=1.39 wait=6.70 bound=0.17 opaqueGL=0.23 transGL=0.00 metalGPU=20.22 | voxyTotal=14.05 ms | max wait=6.77 opaqueGL=0.29 metalGPU=23.42
[13:17:24] [Render thread/INFO] (Voxy) [me.cx.vy.ct.ce.rg.bd.gl.Gl41MetalFrameProfiler]: GL41Metal perf [120 frames / 1964ms]: avg tick=2.53 submit=1.39 wait=6.66 bound=0.16 opaqueGL=0.95 transGL=0.00 metalGPU=12.07 | voxyTotal=11.69 ms | max wait=6.78 opaqueGL=83.95 metalGPU=114.55
[13:17:31] [Render thread/INFO] (Voxy) [me.cx.vy.ct.ce.rg.bd.gl.Gl41MetalFrameProfiler]: GL41Metal perf [120 frames / 2381ms]: avg tick=3.30 submit=1.44 wait=6.71 bound=0.14 opaqueGL=0.22 transGL=0.00 metalGPU=16.54 | voxyTotal=11.80 ms | max wait=6.78 opaqueGL=0.35 metalGPU=20.01
[13:17:36] [Render thread/INFO] (Voxy) [me.cx.vy.ct.ce.rg.bd.gl.Gl41MetalFrameProfiler]: GL41Metal perf [120 frames / 2789ms]: avg tick=4.43 submit=1.46 wait=6.67 bound=1.57 opaqueGL=1.88 transGL=0.00 metalGPU=18.44 | voxyTotal=16.02 ms | max wait=6.78 opaqueGL=186.43 metalGPU=196.89
[13:17:37] [Render thread/INFO] (Iris) Destroying pipeline minecraft:overworld
[13:17:37] [Render thread/INFO] (Iris) Shaders are disabled because enableShaders is set to false in iris.properties
[13:17:37] [Render thread/INFO] (Iris) Creating pipeline for dimension minecraft:overworld
[13:17:37] [Render thread/INFO] (Minecraft) [System] [CHAT] Shaders Reloaded!
[13:17:39] [Render thread/INFO] (Voxy) [me.cx.vy.ct.ce.rg.bd.gl.Gl41MetalRenderBackend]: Shutting down Voxy GL41Metal shared texture backend
[13:17:39] [Render thread/INFO] (Voxy) [me.cx.vy.ct.ce.rg.bd.gl.Gl41MetalRenderBackend]: Voxy GL41Metal slot stats: submitted=4204, sampledCurrent=50, skippedCurrent=4154, noFreeSlot=0, pacedSubmits=0, reusedHeld=41, timeouts=42, retiring=0, maxWaitMs=24.539, waitTimeoutMs=6, waitMode=debug-bounded-current
[13:17:39] [Render thread/INFO] (Voxy) [me.cx.vy.ct.ce.VoxyRenderSystem]: Render shutdown completed
[13:17:39] [Render thread/INFO] (ChunkBuilder) Stopping worker threads
[13:17:39] [Render thread/INFO] (Voxy) [me.cx.vy.cl.VoxyInstance]: Shutting down voxy instance
[13:17:40] [Render thread/INFO] (Voxy) [me.cx.vy.cl.VoxyInstance]: Instance shutdown
[13:17:42] [Render thread/INFO] (Minecraft) Connecting to localhost, 25564
[13:17:43] [Render thread/INFO] (Voxy) [me.cx.vy.cl.VoxyInstance]: Initializing voxy instance
[13:17:43] [Render thread/INFO] (Voxy) [me.cx.vy.cl.VoxyInstance]: Dedicated voxy thread pool size: 8
[13:17:43] [Render thread/INFO] (Iris) Reloading pipeline on dimension change: null => minecraft:overworld
[13:17:43] [Render thread/INFO] (Iris) Destroying pipeline minecraft:overworld
[13:17:43] [Render thread/INFO] (Iris) Creating pipeline for dimension minecraft:overworld
[13:17:43] [Render thread/INFO] (Voxy) [me.cx.vy.cl.VoxyInstance]: Creating new world engine: 8839824707307977922@1830921039
[13:17:43] [Render thread/INFO] (Voxy) [me.cx.vy.ct.ce.VoxyRenderSystem]: Creating Voxy render system
[13:17:43] [Render thread/INFO] (Voxy) [me.cx.vy.ct.ce.ml.by.Gl41OffscreenModelTextureBakery]: GL41 offscreen model bakery active
[13:17:43] [Render thread/INFO] (Voxy) [me.cx.vy.ct.ce.rg.bd.gl.Gl41MetalTerrainResources]: Created GL41Metal Metal LOD/culling worklist resources
[13:17:43] [Render thread/INFO] (Voxy) [me.cx.vy.ct.ce.rg.bd.gl.Gl41MetalRenderBackend]: Created Voxy GL41Metal shared texture backend with Metal LOD/culling and quad raster.
[13:17:43] [Render thread/INFO] (Voxy) [me.cx.vy.ct.ce.VoxyRenderSystem]: Voxy render system created with backend 'GL41METAL'
[13:17:43] [Render thread/INFO] (ChunkBuilder) Started 6 worker threads
[13:17:43] [Render thread/INFO] (Voxy) [me.cx.vy.cl.VoxyInstance]: Dedicated voxy thread pool size: 2
[13:17:43] [Render thread/INFO] (Minecraft) Loaded 12 advancements
[13:17:43] [Render thread/INFO] (Voxy) [me.cx.vy.ct.ce.rg.bd.gl.Gl41MetalRenderBackend]: Voxy GL41Metal shared gbuffer initialized: device=Apple M2 Max, target=0x84f5, slots=3, size=4112x2524, formats=gbuffer0=RGBA32F(uv+tile),gbuffer1=RGBA32F(depth+ids),gbuffer2=RGBA32F(packed albedo/light/tint/face/flags/coverage)
2026-08-18 13:17:44.012 java[76372:1424231] GL41Metal opaque mesh pipeline created (batch=32)
2026-08-18 13:17:44.013 java[76372:1424231] GL41Metal translucent mesh pipeline created (batch=32)
2026-08-18 13:17:44.013 java[76372:1424231] GL41Metal distant SSAO pipeline created
[13:17:44] [Render thread/INFO] (Voxy) [me.cx.vy.ct.ce.rg.bd.gl.Gl41MetalTerrainResources]: GL41Metal terrain native resources initialized: maxSections=262144, geometryCapacity=4294967296, maxNodes=2097152, traversalQueue=200000, traversalRequests=1024, worklistItems=400000, rasterQuads=8000000, atlas=12288x8192 mips=4, atlasUploads=enabled
[13:17:44] [Render thread/INFO] (Voxy) [me.cx.vy.ct.ce.rg.bd.gl.Gl41MetalMaterialStore]: GL41Metal model fallback invisible for Block{minecraft:air} as opaque model 0
[13:17:44] [Render thread/INFO] (Voxy) [me.cx.vy.ct.ce.rg.bd.gl.Gl41MetalMaterialStore]: GL41Metal material store uploaded first model 0
[13:17:44] [Render thread/INFO] (voxyworldgenv2) uploaded 61 known LOD regions for minecraft:overworld in 1 packet(s)
[13:17:44] [Render thread/INFO] (Voxy) [me.cx.vy.ct.ce.rg.bd.gl.Gl41MetalTerrainResources]: GL41Metal terrain Metal validation passed: resident=11, geometryBytes=23432, uploadedSections=11, removedSections=0, uploadedModels=1, uploadedBiomes=0, validationResident=11, validationQuads=2929, validationModels=0, missingModels=44, invalidOffsets=0, invalidModelIds=0, topNodes=11, uploadedNodes=11, traversalVisited=0, worklist=0, requests=0, emittedRequests=0, traversalQuads=0, rasterInputQuads=0, rasterProcessedQuads=0, rasterOpaqueQuads=0, rasterSkippedQuads=0, rasterPixels=0, rasterMissingModels=0, rasterClippedQuads=0
[13:17:44] [Render thread/INFO] (Voxy) [me.cx.vy.ct.ce.rg.bd.gl.Gl41MetalSlotScheduler]: Voxy GL41Metal compositing the previous completed frame while Metal work is busy (bounded wait); further occurrences are counted, not logged
[13:17:44] [Render thread/INFO] (Voxy) [me.cx.vy.ct.ce.rg.bd.gl.GlDistantTerrainBridge]: Voxy GL41Metal distant terrain bridge sampled shared textures (vanilla built-in)
[13:17:44] [Render thread/INFO] (Voxy) [me.cx.vy.ct.ce.rg.bd.gl.GlDistantTerrainBridge]: Voxy GL41Metal distant translucent bridge composited shared water textures (vanilla built-in water)
[13:17:45] [Render thread/INFO] (Voxy) [me.cx.vy.ct.ce.rg.bd.gl.Gl41MetalMaterialStore]: GL41Metal model fallback invisible for Block{minecraft:bubble_column}[drag=true] as translucent model 351
[13:17:45] [Render thread/INFO] (Voxy) [me.cx.vy.ct.ce.rg.bd.gl.Gl41MetalMaterialStore]: GL41Metal model fallback no_quads for Block{minecraft:chest}[facing=east,type=single,waterlogged=false] as opaque model 388
[13:17:45] [Render thread/INFO] (Voxy) [me.cx.vy.ct.ce.rg.bd.gl.Gl41MetalMaterialStore]: GL41Metal model fallback no_quads for Block{minecraft:magenta_bed}[facing=west,occupied=false,part=foot] as cutout model 409
[13:17:45] [Render thread/INFO] (Voxy) [me.cx.vy.ct.ce.rg.bd.gl.Gl41MetalMaterialStore]: GL41Metal model fallback no_quads for Block{minecraft:chest}[facing=north,type=single,waterlogged=true] as opaque model 550
[13:17:50] [Render thread/INFO] (Voxy) [me.cx.vy.ct.ce.rg.bd.gl.Gl41MetalFrameProfiler]: GL41Metal perf [120 frames / 2274ms]: avg tick=4.51 submit=1.37 wait=6.54 bound=2.07 opaqueGL=0.28 transGL=0.00 metalGPU=15.87 | voxyTotal=14.76 ms | max wait=6.79 opaqueGL=2.92 metalGPU=55.92
[13:17:51] [Render thread/WARN] (Voxy) [me.cx.vy.ct.ce.rg.bd.gl.Gl41MetalSlotScheduler]: Voxy GL41Metal had no free shared slot for Metal submission
[13:17:56] [Render thread/INFO] (Voxy) [me.cx.vy.ct.ce.rg.bd.gl.Gl41MetalFrameProfiler]: GL41Metal perf [120 frames / 2097ms]: avg tick=4.17 submit=1.34 wait=6.51 bound=0.40 opaqueGL=0.35 transGL=0.00 metalGPU=14.34 | voxyTotal=12.77 ms | max wait=6.79 opaqueGL=10.92 metalGPU=55.69
[13:18:03] [Render thread/INFO] (Voxy) [me.cx.vy.ct.ce.rg.bd.gl.Gl41MetalFrameProfiler]: GL41Metal perf [120 frames / 2458ms]: avg tick=5.48 submit=1.37 wait=6.67 bound=1.85 opaqueGL=0.40 transGL=0.00 metalGPU=17.33 | voxyTotal=15.77 ms | max wait=6.77 opaqueGL=3.85 metalGPU=57.19
[13:18:08] [Render thread/INFO] (Voxy) [me.cx.vy.ct.ce.rg.bd.gl.Gl41MetalRenderBackend]: Shutting down Voxy GL41Metal shared texture backend
[13:18:08] [Render thread/INFO] (Voxy) [me.cx.vy.ct.ce.rg.bd.gl.Gl41MetalRenderBackend]: Voxy GL41Metal slot stats: submitted=1186, sampledCurrent=2, skippedCurrent=1188, noFreeSlot=4, pacedSubmits=0, reusedHeld=6, timeouts=3, retiring=0, maxWaitMs=6.806, waitTimeoutMs=6, waitMode=debug-bounded-current
[13:18:08] [Render thread/INFO] (Voxy) [me.cx.vy.ct.ce.VoxyRenderSystem]: Render shutdown completed
[13:18:08] [Render thread/INFO] (ChunkBuilder) Stopping worker threads
[13:18:08] [Render thread/INFO] (Voxy) [me.cx.vy.cl.VoxyInstance]: Shutting down voxy instance
[13:18:09] [Render thread/INFO] (Voxy) [me.cx.vy.cl.VoxyInstance]: Instance shutdown
[13:18:11] [Render thread/INFO] (Minecraft) Stopping!

BUILD SUCCESSFUL in 4m 51s
9 actionable tasks: 2 executed, 7 up-to-date
Consider enabling configuration cache to speed up this build: https://docs.gradle.org/9.4.1/userguide/configuration_cache_enabling.html
