To honour the JVM settings for this build a single-use Daemon process will be forked. For more on this, please refer to https://docs.gradle.org/9.4.1/userguide/gradle_daemon.html#sec:disabling_the_daemon in the Gradle documentation.
Daemon will be stopped at the end of the build 

> Configure project :
Fabric Loom: 1.11.8

> Task :compileJava UP-TO-DATE
> Task :compileGl41MetalNative UP-TO-DATE
> Task :compileGl41MetalShaders UP-TO-DATE
> Task :processResources
> Task :classes
> Task :generateLog4jConfig UP-TO-DATE
> Task :generateRemapClasspath UP-TO-DATE
> Task :generateDLIConfig UP-TO-DATE
> Task :configureLaunch UP-TO-DATE
> Task :downloadAssets UP-TO-DATE
> Task :configureClientLaunch UP-TO-DATE

> Task :runClient
[09:34:16] [main/INFO] (FabricLoader/GameProvider) Loading Minecraft 1.21.1 with Fabric Loader 0.17.2
[09:34:16] [main/WARN] (FabricLoader/Resolution) Warnings were found!
 - Mod 'Sodium Extra' (sodium-extra) 0.6.0+mc1.21.1 recommends version 1.4.2 or later of reeses-sodium-options, which is missing!
	 - You should install version 1.4.2 or later of reeses-sodium-options for the optimal experience.
[09:34:16] [main/INFO] (FabricLoader) Loading 68 mods:
	- chunky 1.4.23
	- cloth-config 15.0.140
	   \-- cloth-basic-math 0.6.1
	- devauth 1.1.0
	- fabric-api 0.116.6+1.21.1
	- fabric-api-base 0.4.42+6573ed8c19
	- fabric-api-lookup-api-v1 1.6.71+b559734419
	- fabric-biome-api-v1 13.0.31+d527f9fd19
	- fabric-block-api-v1 1.1.0+0bc3503219
	- fabric-block-view-api-v2 1.0.11+ebb2264e19
	- fabric-blockrenderlayer-v1 1.1.52+0af3f5a719
	- fabric-client-tags-api-v1 1.1.15+6573ed8c19
	- fabric-command-api-v1 1.2.49+f71b366f19
	- fabric-command-api-v2 2.2.28+6ced4dd919
	- fabric-commands-v0 0.2.66+df3654b319
	- fabric-content-registries-v0 8.0.19+b559734419
	- fabric-convention-tags-v1 2.1.5+7f945d5b19
	- fabric-convention-tags-v2 2.11.1+a406e79519
	- fabric-crash-report-info-v1 0.2.29+0af3f5a719
	- fabric-data-attachment-api-v1 1.4.5+6116a37819
	- fabric-data-generation-api-v1 20.2.33+37516cd619
	- fabric-dimensions-v1 4.0.1+65213ef819
	- fabric-entity-events-v1 1.8.0+2b27e0a419
	- fabric-events-interaction-v0 0.7.13+ba9dae0619
	- fabric-game-rule-api-v1 1.0.53+6ced4dd919
	- fabric-gametest-api-v1 2.0.5+6fc22b9919
	- fabric-item-api-v1 11.2.0+3b3cb2e819
	- fabric-item-group-api-v1 4.1.7+def88e3a19
	- fabric-key-binding-api-v1 1.0.47+0af3f5a719
	- fabric-keybindings-v0 0.2.45+df3654b319
	- fabric-lifecycle-events-v1 2.6.0+0865547519
	- fabric-loot-api-v2 3.0.15+3f89f5a519
	- fabric-loot-api-v3 1.0.3+3f89f5a519
	- fabric-message-api-v1 6.0.14+8aaf3aca19
	- fabric-model-loading-api-v1 2.1.0+b4d813fc19
	- fabric-networking-api-v1 4.3.0+c7469b2119
	- fabric-object-builder-api-v1 15.2.1+40875a9319
	- fabric-particles-v1 4.0.2+6573ed8c19
	- fabric-permissions-api-v0 0.3.3
	- fabric-recipe-api-v1 5.0.14+248df81c19
	- fabric-registry-sync-v0 5.3.1+e3eddc2119
	- fabric-renderer-api-v1 3.4.1+b4d813fc19
	- fabric-renderer-indigo 1.7.1+c705a49c19
	- fabric-renderer-registries-v1 3.2.69+df3654b319
	- fabric-rendering-data-attachment-v1 0.3.49+73761d2e19
	- fabric-rendering-fluids-v1 3.1.6+1daea21519
	- fabric-rendering-v0 1.1.72+df3654b319
	- fabric-rendering-v1 5.1.0+ab4c25a019
	- fabric-resource-conditions-api-v1 4.3.0+8dc279b119
	- fabric-resource-loader-v0 1.3.1+5b5275af19
	- fabric-screen-api-v1 2.0.25+8b68f1c719
	- fabric-screen-handler-api-v1 1.3.90+b559734419
	- fabric-sound-api-v1 1.0.23+6573ed8c19
	- fabric-transfer-api-v1 5.4.3+c24bd99419
	- fabric-transitive-access-wideners-v1 6.2.0+45b9699719
	- fabricloader 0.17.2
	- iris 1.8.8+mc1.21.1
	- java 21
	- lithium 0.15.0+mc1.21.1
	- minecraft 1.21.1
	- mixinextras 0.5.0
	- modmenu 11.0.3
	- nvidium 0.4.1-beta9-1.21-1.21.1
	- sodium 0.6.13+mc1.21.1
	- sodium-extra 0.6.0+mc1.21.1
	- spark 1.10.152
	- voxy 0.2.14-alpha
	- voxyworldgenv2 2.2.5
[09:34:18] [main/INFO] (FabricLoader/Mixin) SpongePowered MIXIN Subsystem Version=0.8.7 Source=file:/Users/alextodd/.gradle/caches/modules-2/files-2.1/net.fabricmc/sponge-mixin/0.16.3+mixin.0.8.7/3e535042688d1265447e52ad86950b7d9678a5fa/sponge-mixin-0.16.3+mixin.0.8.7.jar Service=Knot/Fabric Env=CLIENT
[09:34:18] [main/INFO] (FabricLoader/Mixin) Loaded Fabric development mappings for mixin remapper!
[09:34:18] [main/INFO] (FabricLoader/Mixin) Compatibility level set to JAVA_17
[09:34:19] [main/INFO] (FabricLoader/Mixin) Compatibility level set to JAVA_21
[09:34:19] [main/INFO] (Sodium Extra Config) Loaded configuration file for Sodium Extra: 36 options available, 0 override(s) found
[09:34:19] [main/INFO] (Sodium) Loaded configuration file for Sodium: 43 options available, 1 override(s) found
[09:34:19] [main/INFO] (LithiumConfig) Option 'mixin.entity.collisions.fluid' requires 'mixin.util.block_tracking=true' but found 'false'. Setting 'mixin.entity.collisions.fluid=false'.
[09:34:19] [main/INFO] (LithiumConfig) Option 'mixin.experimental.entity.block_caching.block_support' requires 'mixin.util.block_tracking=true' but found 'false'. Setting 'mixin.experimental.entity.block_caching.block_support=false'.
[09:34:19] [main/INFO] (LithiumConfig) Option 'mixin.experimental.entity.block_caching.fluid_pushing' requires 'mixin.util.block_tracking=true' but found 'false'. Setting 'mixin.experimental.entity.block_caching.fluid_pushing=false'.
[09:34:19] [main/INFO] (LithiumConfig) Option 'mixin.experimental.entity.block_caching.block_touching' requires 'mixin.util.block_tracking=true' but found 'false'. Setting 'mixin.experimental.entity.block_caching.block_touching=false'.
[09:34:19] [main/INFO] (LithiumConfig) Option 'mixin.experimental.entity.block_caching.suffocation' requires 'mixin.util.block_tracking=true' but found 'false'. Setting 'mixin.experimental.entity.block_caching.suffocation=false'.
[09:34:19] [main/INFO] (LithiumConfig) Option 'mixin.experimental.entity.block_caching' requires 'mixin.util.block_tracking=true' but found 'false'. Setting 'mixin.experimental.entity.block_caching=false'.
[09:34:19] [main/INFO] (Lithium) Loaded configuration file for Lithium: 149 options available, 0 override(s) found
[09:34:19] [main/WARN] (FabricLoader/Mixin) Error loading class: com/moulberry/flashback/record/FlashbackMeta (java.lang.ClassNotFoundException: com/moulberry/flashback/record/FlashbackMeta)
[09:34:19] [main/WARN] (FabricLoader/Mixin) @Mixin target com.moulberry.flashback.record.FlashbackMeta was not found client.voxy.mixins.json:flashback.MixinFlashbackMeta from mod voxy
[09:34:19] [main/WARN] (FabricLoader/Mixin) Error loading class: com/moulberry/flashback/record/Recorder (java.lang.ClassNotFoundException: com/moulberry/flashback/record/Recorder)
[09:34:19] [main/WARN] (FabricLoader/Mixin) @Mixin target com.moulberry.flashback.record.Recorder was not found client.voxy.mixins.json:flashback.MixinFlashbackRecorder from mod voxy
[09:34:19] [main/WARN] (Sodium) Force-disabling mixin 'features.render.world.sky.FogRendererMixin' as rule 'mixin.features.render.world.sky' (added by mods [iris]) disables it and children
[09:34:19] [main/WARN] (Sodium) Force-disabling mixin 'features.render.world.sky.ClientLevelMixin' as rule 'mixin.features.render.world.sky' (added by mods [iris]) disables it and children
[09:34:19] [main/WARN] (Sodium) Force-disabling mixin 'features.render.world.sky.LevelRendererMixin' as rule 'mixin.features.render.world.sky' (added by mods [iris]) disables it and children
[09:34:19] [main/INFO] (Sodium-GraphicsAdapterProbe) Searching for graphics cards...
[09:34:19] [main/INFO] (FabricLoader/MixinExtras|Service) Initializing MixinExtras via com.llamalad7.mixinextras.service.MixinExtrasServiceImpl(version=0.5.0).
[09:34:19] [main/INFO] (DevAuth) DevAuth disabled, not logging in!
[09:34:20] [Datafixer Bootstrap/INFO] (Minecraft) 226 Datafixer optimizations took 110 milliseconds
[09:34:23] [Render thread/INFO] (Minecraft) Environment: Environment[sessionHost=https://sessionserver.mojang.com, servicesHost=https://api.minecraftservices.com, name=PROD]
[09:34:23] [Render thread/INFO] (Minecraft) Setting user: VoxyTester
[09:34:23] [Render thread/INFO] (Voxy) [me.cx.vy.cn.cg.Serialization]: Registered Config as LZ4 for config type CompressorConfig
[09:34:23] [Render thread/INFO] (Voxy) [me.cx.vy.cn.cg.Serialization]: Registered Config as ZSTD for config type CompressorConfig
[09:34:23] [Render thread/INFO] (Voxy) [me.cx.vy.cn.cg.Serialization]: Registered Config as Serializer for config type SectionStorageConfig
[09:34:23] [Render thread/INFO] (Voxy) [me.cx.vy.cn.cg.Serialization]: Registered Config as Memory for config type StorageConfig
[09:34:23] [Render thread/INFO] (Voxy) [me.cx.vy.cn.cg.Serialization]: Registered Config as LMDB for config type StorageConfig
[09:34:23] [Render thread/INFO] (Voxy) [me.cx.vy.cn.cg.Serialization]: Registered BasicPathInsertionConfig as BasicPathConfig for config type StorageConfig
[09:34:23] [Render thread/INFO] (Voxy) [me.cx.vy.cn.cg.Serialization]: Registered Config as CompressionAdaptor for config type StorageConfig
[09:34:23] [Render thread/INFO] (Voxy) [me.cx.vy.cn.cg.Serialization]: Registered ConditionalStorageBackendConfig as ConditionalConfig for config type StorageConfig
[09:34:23] [Render thread/INFO] (Voxy) [me.cx.vy.cn.cg.Serialization]: Registered Config as FragmentationAdaptor for config type StorageConfig
[09:34:23] [Render thread/INFO] (Voxy) [me.cx.vy.cn.cg.Serialization]: Registered Config2 as AutoFragmentationAdaptor for config type StorageConfig
[09:34:23] [Render thread/INFO] (Voxy) [me.cx.vy.cn.cg.Serialization]: Registered Config as ReadonlyCachingLayer for config type StorageConfig
[09:34:23] [Render thread/INFO] (Voxy) [me.cx.vy.cn.cg.Serialization]: Registered Config as Redis for config type StorageConfig
[09:34:23] [Render thread/INFO] (Voxy) [me.cx.vy.cn.cg.Serialization]: Registered Config as RocksDB for config type StorageConfig
[09:34:23] [Render thread/INFO] (Voxy) [me.cx.vy.cn.cg.Serialization]: Registered 13 config types
[09:34:23] [Render thread/INFO] (voxyworldgenv2) voxy world gen v2 initializing
[09:34:23] [Render thread/INFO] (voxyworldgenv2) voxy networking initialized (protocol 3)
[09:34:23] [Render thread/INFO] (voxyworldgenv2) initializing voxy world gen v2 client
[09:34:23] [Render thread/INFO] (Indigo) [Indigo] Different rendering plugin detected; not applying Indigo.
[09:34:23] [Render thread/INFO] (Mod Menu/Update Checker) Checking mod updates...
[09:34:23] [Render thread/INFO] (Minecraft) Backend library: LWJGL version 3.3.3-snapshot
[09:34:23] [ModMenu/Update Checker/Fabric Loader/INFO] (Mod Menu/Update Checker) Update available for 'fabricloader@0.17.2'
[09:34:23] [Render thread/WARN] (Nvidium) Not all requirements met, disabling nvidium
[09:34:24] [Render thread/INFO] (Minecraft) OpenGL Vendor: Apple
[09:34:24] [Render thread/INFO] (Minecraft) OpenGL Renderer: Apple M2 Max
[09:34:24] [Render thread/INFO] (Minecraft) OpenGL Version: 4.1 Metal - 91.7
[09:34:24] [ForkJoinPool.commonPool-worker-1/WARN] (Iris) [Iris Update Check] This version doesn't have an update index, skipping.
[09:34:24] [Render thread/INFO] (Voxy) [me.cx.vy.ct.ce.rg.bd.gl.Gl41MetalNative]: Loaded Voxy GL41Metal native library from bundled resource
[09:34:24] [Render thread/INFO] (Voxy) [me.cx.vy.ct.ce.rg.bd.gl.Gl41MetalNative]: Loaded Voxy GL41Metal shader library from bundled resource
[09:34:24] [Render thread/INFO] (Voxy) [me.cx.vy.ct.ce.rg.bd.RenderBackendSelector]: Selected Voxy render backend: GL41METAL (requested='auto', forced=false, reason='GL46 unavailable: compute=false, indirectParameters=false; GL41Metal capabilities are available')
[09:34:24] [Render thread/WARN] (Voxy) [me.cx.vy.ct.VoxyClient]: Voxy GL41Metal backend selected.
[09:34:24] [Render thread/INFO] (Iris) Debug functionality is disabled.
[09:34:24] [Render thread/INFO] (Iris) DSA support not detected.
[09:34:24] [Render thread/INFO] (Iris) Shaders are disabled because enableShaders is set to false in iris.properties
[09:34:24] [Render thread/INFO] (Iris) Hardware information:
[09:34:24] [Render thread/INFO] (Iris) CPU: 12x Apple M2 Max
[09:34:24] [Render thread/INFO] (Iris) GPU: Apple M2 Max (Supports OpenGL 4.1 Metal - 91.7)
[09:34:24] [Render thread/INFO] (Iris) OS: Mac OS X (27.0)
[09:34:24] [Render thread/INFO] (Minecraft) Reloading ResourceManager: vanilla, fabric, chunky, cloth-config, devauth, fabric-api, fabric-api-base, fabric-api-lookup-api-v1, fabric-biome-api-v1, fabric-block-api-v1, fabric-block-view-api-v2, fabric-blockrenderlayer-v1, fabric-client-tags-api-v1, fabric-command-api-v1, fabric-command-api-v2, fabric-commands-v0, fabric-content-registries-v0, fabric-convention-tags-v1, fabric-convention-tags-v2, fabric-crash-report-info-v1, fabric-data-attachment-api-v1, fabric-data-generation-api-v1, fabric-dimensions-v1, fabric-entity-events-v1, fabric-events-interaction-v0, fabric-game-rule-api-v1, fabric-gametest-api-v1, fabric-item-api-v1, fabric-item-group-api-v1, fabric-key-binding-api-v1, fabric-keybindings-v0, fabric-lifecycle-events-v1, fabric-loot-api-v2, fabric-loot-api-v3, fabric-message-api-v1, fabric-model-loading-api-v1, fabric-networking-api-v1, fabric-object-builder-api-v1, fabric-particles-v1, fabric-recipe-api-v1, fabric-registry-sync-v0, fabric-renderer-api-v1, fabric-renderer-indigo, fabric-renderer-registries-v1, fabric-rendering-data-attachment-v1, fabric-rendering-fluids-v1, fabric-rendering-v0, fabric-rendering-v1, fabric-resource-conditions-api-v1, fabric-resource-loader-v0, fabric-screen-api-v1, fabric-screen-handler-api-v1, fabric-sound-api-v1, fabric-transfer-api-v1, fabric-transitive-access-wideners-v1, fabricloader, iris, lithium, modmenu, nvidium, sodium, sodium-extra, spark, voxy, voxyworldgenv2
[09:34:24] [Worker-Main-5/INFO] (Minecraft) Found unifont_all_no_pua-15.1.05.hex, loading
[09:34:24] [Worker-Main-11/WARN] (FabricLoader/Mixin) Static binding violation: PRIVATE @Overwrite method alphaBlend in sodium-common.mixins.json:features.textures.mipmaps.MipmapGeneratorMixin from mod sodium cannot reduce visibiliy of PUBLIC target method, visibility will be upgraded.
[09:34:25] [Worker-Main-3/INFO] (Minecraft) Found unifont_jp_patch-15.1.05.hex, loading
[09:34:25] [Render thread/WARN] (Minecraft) Missing sound for event: minecraft:item.goat_horn.play
[09:34:25] [Render thread/WARN] (Minecraft) Missing sound for event: minecraft:entity.goat.screaming.horn_break
[09:34:25] [Render thread/INFO] (Minecraft) OpenAL initialized on device Obsidian Night
[09:34:25] [Render thread/INFO] (Minecraft) Sound engine started
[09:34:25] [Render thread/INFO] (Minecraft) Created: 1024x512x4 minecraft:textures/atlas/blocks.png-atlas
[09:34:25] [Render thread/INFO] (Minecraft) Created: 256x256x4 minecraft:textures/atlas/signs.png-atlas
[09:34:25] [Render thread/INFO] (Minecraft) Created: 512x512x4 minecraft:textures/atlas/shield_patterns.png-atlas
[09:34:25] [Render thread/INFO] (Minecraft) Created: 512x512x4 minecraft:textures/atlas/banner_patterns.png-atlas
[09:34:25] [Render thread/INFO] (Minecraft) Created: 1024x1024x4 minecraft:textures/atlas/armor_trims.png-atlas
[09:34:25] [Render thread/INFO] (Minecraft) Created: 128x64x4 minecraft:textures/atlas/decorated_pot.png-atlas
[09:34:25] [Render thread/INFO] (Minecraft) Created: 256x256x4 minecraft:textures/atlas/chest.png-atlas
[09:34:25] [Render thread/INFO] (Minecraft) Created: 512x256x4 minecraft:textures/atlas/shulker_boxes.png-atlas
[09:34:25] [Render thread/INFO] (Minecraft) Created: 512x256x4 minecraft:textures/atlas/beds.png-atlas
[09:34:26] [Render thread/INFO] (Minecraft) Created: 512x256x0 minecraft:textures/atlas/particles.png-atlas
[09:34:26] [Render thread/INFO] (Minecraft) Created: 512x256x0 minecraft:textures/atlas/paintings.png-atlas
[09:34:26] [Render thread/INFO] (Minecraft) Created: 256x128x0 minecraft:textures/atlas/mob_effects.png-atlas
[09:34:26] [Render thread/INFO] (Minecraft) Created: 64x64x0 minecraft:textures/atlas/map_decorations.png-atlas
[09:34:26] [Render thread/INFO] (Minecraft) Created: 1024x512x0 minecraft:textures/atlas/gui.png-atlas
[09:34:26] [Render thread/WARN] (Minecraft) Shader rendertype_entity_translucent_emissive could not find sampler named Sampler2 in the specified shader program.
[09:34:26] [Render thread/INFO] (Minecraft) Connecting to localhost, 25564
[09:34:27] [Render thread/INFO] (Voxy) [me.cx.vy.cl.VoxyInstance]: Initializing voxy instance
[09:34:27] [Render thread/INFO] (Voxy) [me.cx.vy.cl.VoxyInstance]: Dedicated voxy thread pool size: 8
[09:34:27] [Render thread/INFO] (Iris) Reloading pipeline on dimension change: null => minecraft:overworld
[09:34:27] [Render thread/INFO] (Iris) Creating pipeline for dimension minecraft:overworld
[09:34:27] [Render thread/INFO] (Voxy) [me.cx.vy.cl.VoxyInstance]: Creating new world engine: 8839824707307977922@1968355120
[09:34:27] [Render thread/INFO] (Voxy) [me.cx.vy.ct.ce.VoxyRenderSystem]: Creating Voxy render system
[09:34:27] [Render thread/INFO] (Voxy) [me.cx.vy.ct.ce.ml.by.Gl41OffscreenModelTextureBakery]: GL41 offscreen model bakery active
[09:34:27] [Render thread/INFO] (Voxy) [me.cx.vy.ct.ce.rg.bd.gl.Gl41MetalTerrainResources]: Created GL41Metal Metal LOD/culling worklist resources
[09:34:27] [Render thread/INFO] (Voxy) [me.cx.vy.ct.ce.rg.bd.gl.Gl41MetalRenderBackend]: Created Voxy GL41Metal shared texture backend with Metal LOD/culling and quad raster.
[09:34:27] [Render thread/INFO] (Voxy) [me.cx.vy.ct.ce.VoxyRenderSystem]: Voxy render system created with backend 'GL41METAL'
[09:34:27] [Render thread/INFO] (ChunkBuilder) Started 6 worker threads
[09:34:27] [Render thread/INFO] (Voxy) [me.cx.vy.cl.VoxyInstance]: Dedicated voxy thread pool size: 2
[09:34:27] [Render thread/INFO] (Minecraft) Loaded 2 advancements
[09:34:27] [Render thread/INFO] (Minecraft) [STDOUT]: Lithium Cached BlockState Flags are disabled!
[09:34:27] [Render thread/INFO] (Voxy) [me.cx.vy.ct.ce.rg.bd.gl.Gl41MetalRenderBackend]: Voxy GL41Metal shared gbuffer initialized: device=Apple M2 Max, target=0x84f5, slots=3, size=1708x960, formats=gbuffer0=RGBA32F(uv+tile),gbuffer1=RGBA32F(depth+ids),gbuffer2=RGBA32F(packed albedo/light/tint/face/flags/coverage)
2026-08-18 09:34:27.975 java[845:791366] GL41Metal opaque mesh pipeline created (batch=32)
2026-08-18 09:34:27.975 java[845:791366] GL41Metal translucent mesh pipeline created (batch=32)
2026-08-18 09:34:27.975 java[845:791366] GL41Metal distant SSAO pipeline created
[09:34:28] [Render thread/INFO] (Voxy) [me.cx.vy.ct.ce.rg.bd.gl.Gl41MetalTerrainResources]: GL41Metal terrain native resources initialized: maxSections=262144, geometryCapacity=1073741824, maxNodes=2097152, traversalQueue=200000, traversalRequests=1024, worklistItems=400000, rasterQuads=8000000, atlas=12288x8192 mips=4, atlasUploads=enabled
[09:34:28] [Render thread/INFO] (Voxy) [me.cx.vy.ct.ce.rg.bd.gl.Gl41MetalMaterialStore]: GL41Metal model fallback invisible for Block{minecraft:air} as opaque model 0
[09:34:28] [Render thread/INFO] (Voxy) [me.cx.vy.ct.ce.rg.bd.gl.Gl41MetalMaterialStore]: GL41Metal material store uploaded first model 0
[09:34:28] [Render thread/INFO] (Voxy) [me.cx.vy.ct.ce.rg.bd.gl.GlDistantTerrainBridge]: Voxy GL41Metal distant terrain bridge sampled shared textures (vanilla built-in)
[09:34:28] [Render thread/INFO] (Voxy) [me.cx.vy.ct.ce.rg.bd.gl.GlDistantTerrainBridge]: Voxy GL41Metal distant translucent bridge composited shared water textures (vanilla built-in water)
[09:34:28] [Render thread/INFO] (voxyworldgenv2) uploaded 32 known LOD regions for minecraft:overworld in 1 packet(s)
UNSUPPORTED (log once): gldCopyBufferSubData: NEEDS IMPLEMENTATION
[09:34:28] [Render thread/INFO] (Voxy) [me.cx.vy.ct.ce.rg.bd.gl.Gl41MetalTerrainResources]: GL41Metal terrain Metal validation passed: resident=3, geometryBytes=17136, uploadedSections=3, removedSections=0, uploadedModels=41, uploadedBiomes=11, validationResident=3, validationQuads=2142, validationModels=8, missingModels=4, invalidOffsets=0, invalidModelIds=0, topNodes=119, uploadedNodes=119, traversalVisited=41, worklist=0, requests=30, emittedRequests=30, traversalQuads=0, rasterInputQuads=0, rasterProcessedQuads=0, rasterOpaqueQuads=0, rasterSkippedQuads=0, rasterPixels=0, rasterMissingModels=0, rasterClippedQuads=0
[09:34:28] [Render thread/INFO] (Voxy) [me.cx.vy.ct.ce.rg.bd.gl.Gl41MetalMaterialStore]: GL41Metal model fallback invisible for Block{minecraft:bubble_column}[drag=true] as translucent model 103
[09:34:28] [Render thread/INFO] (Voxy) [me.cx.vy.ct.ce.rg.bd.gl.Gl41MetalMaterialStore]: GL41Metal model fallback no_quads for Block{minecraft:chest}[facing=south,type=single,waterlogged=false] as opaque model 139
[09:34:29] [Render thread/INFO] (Voxy) [me.cx.vy.ct.ce.rg.bd.gl.Gl41MetalMaterialStore]: GL41Metal model fallback no_quads for Block{minecraft:red_bed}[facing=east,occupied=false,part=head] as cutout model 339
[09:34:29] [Render thread/INFO] (Voxy) [me.cx.vy.ct.ce.rg.bd.gl.Gl41MetalMaterialStore]: GL41Metal model fallback no_quads for Block{minecraft:chest}[facing=south,type=single,waterlogged=true] as opaque model 408
[09:34:33] [Render thread/INFO] (Voxy) [me.cx.vy.ct.ce.rg.bd.gl.Gl41MetalFrameProfiler]: GL41Metal perf [120 frames / 1682ms]: avg tick=0.36 submit=1.41 wait=9.30 bound=0.06 opaqueGL=0.22 transGL=0.00 metalGPU=8.58 | voxyTotal=11.35 ms | max wait=27.22 opaqueGL=0.59 metalGPU=26.51
[09:34:37] [Render thread/INFO] (Minecraft) [System] [CHAT] Set own game mode to Creative Mode
[09:34:38] [Render thread/INFO] (Voxy) [me.cx.vy.ct.ce.rg.bd.gl.Gl41MetalFrameProfiler]: GL41Metal perf [120 frames / 1906ms]: avg tick=0.79 submit=1.42 wait=10.38 bound=0.06 opaqueGL=0.23 transGL=0.00 metalGPU=9.73 | voxyTotal=12.87 ms | max wait=26.80 opaqueGL=0.35 metalGPU=25.95
[09:34:42] [Render thread/INFO] (voxyworldgenv2) voxy integration initialized (enabled: true, raw: true, voxyEnabled: true)
[09:34:45] [Render thread/INFO] (Voxy) [me.cx.vy.ct.ce.rg.bd.gl.Gl41MetalFrameProfiler]: GL41Metal perf [120 frames / 1543ms]: avg tick=0.40 submit=1.34 wait=8.45 bound=0.08 opaqueGL=0.23 transGL=0.00 metalGPU=7.82 | voxyTotal=10.50 ms | max wait=25.61 opaqueGL=0.40 metalGPU=24.85
[09:34:47] [Render thread/INFO] (Minecraft) Stopping!
[09:34:47] [Render thread/INFO] (Voxy) [me.cx.vy.ct.ce.rg.bd.gl.Gl41MetalRenderBackend]: Shutting down Voxy GL41Metal shared texture backend
[09:34:47] [Render thread/INFO] (Voxy) [me.cx.vy.ct.ce.rg.bd.gl.Gl41MetalRenderBackend]: Voxy GL41Metal slot stats: submitted=1268, sampledCurrent=1268, skippedCurrent=0, noFreeSlot=0, timeouts=0, retiring=0, maxWaitMs=146.855, waitTimeoutMs=0, waitMode=blocking-current
[09:34:47] [Render thread/INFO] (Voxy) [me.cx.vy.ct.ce.VoxyRenderSystem]: Render shutdown completed
[09:34:47] [Render thread/INFO] (ChunkBuilder) Stopping worker threads
[09:34:47] [Render thread/INFO] (Voxy) [me.cx.vy.cl.VoxyInstance]: Shutting down voxy instance
[09:34:48] [Render thread/INFO] (Voxy) [me.cx.vy.cl.VoxyInstance]: Instance shutdown

BUILD SUCCESSFUL in 37s
9 actionable tasks: 2 executed, 7 up-to-date
Consider enabling configuration cache to speed up this build: https://docs.gradle.org/9.4.1/userguide/configuration_cache_enabling.html
