To honour the JVM settings for this build a single-use Daemon process will be forked. For more on this, please refer to https://docs.gradle.org/9.4.1/userguide/gradle_daemon.html#sec:disabling_the_daemon in the Gradle documentation.
Daemon will be stopped at the end of the build 

> Configure project :
Fabric Loom: 1.11.8

> Task :compileJava UP-TO-DATE
> Task :compileGl41MetalNative UP-TO-DATE
> Task :compileGl41MetalShaders UP-TO-DATE
> Task :processResources
> Task :classes
> Task :generateLog4jConfig UP-TO-DATE
> Task :generateRemapClasspath UP-TO-DATE
> Task :generateDLIConfig UP-TO-DATE
> Task :configureLaunch UP-TO-DATE
> Task :downloadAssets UP-TO-DATE
> Task :configureClientLaunch UP-TO-DATE

> Task :runClient
[13:01:44] [main/INFO] (FabricLoader/GameProvider) Loading Minecraft 1.21.1 with Fabric Loader 0.17.2
[13:01:44] [main/WARN] (FabricLoader/Resolution) Warnings were found!
 - Mod 'Sodium Extra' (sodium-extra) 0.6.0+mc1.21.1 recommends version 1.4.2 or later of reeses-sodium-options, which is missing!
	 - You should install version 1.4.2 or later of reeses-sodium-options for the optimal experience.
[13:01:44] [main/INFO] (FabricLoader) Loading 68 mods:
	- chunky 1.4.23
	- cloth-config 15.0.140
	   \-- cloth-basic-math 0.6.1
	- devauth 1.1.0
	- fabric-api 0.116.6+1.21.1
	- fabric-api-base 0.4.42+6573ed8c19
	- fabric-api-lookup-api-v1 1.6.71+b559734419
	- fabric-biome-api-v1 13.0.31+d527f9fd19
	- fabric-block-api-v1 1.1.0+0bc3503219
	- fabric-block-view-api-v2 1.0.11+ebb2264e19
	- fabric-blockrenderlayer-v1 1.1.52+0af3f5a719
	- fabric-client-tags-api-v1 1.1.15+6573ed8c19
	- fabric-command-api-v1 1.2.49+f71b366f19
	- fabric-command-api-v2 2.2.28+6ced4dd919
	- fabric-commands-v0 0.2.66+df3654b319
	- fabric-content-registries-v0 8.0.19+b559734419
	- fabric-convention-tags-v1 2.1.5+7f945d5b19
	- fabric-convention-tags-v2 2.11.1+a406e79519
	- fabric-crash-report-info-v1 0.2.29+0af3f5a719
	- fabric-data-attachment-api-v1 1.4.5+6116a37819
	- fabric-data-generation-api-v1 20.2.33+37516cd619
	- fabric-dimensions-v1 4.0.1+65213ef819
	- fabric-entity-events-v1 1.8.0+2b27e0a419
	- fabric-events-interaction-v0 0.7.13+ba9dae0619
	- fabric-game-rule-api-v1 1.0.53+6ced4dd919
	- fabric-gametest-api-v1 2.0.5+6fc22b9919
	- fabric-item-api-v1 11.2.0+3b3cb2e819
	- fabric-item-group-api-v1 4.1.7+def88e3a19
	- fabric-key-binding-api-v1 1.0.47+0af3f5a719
	- fabric-keybindings-v0 0.2.45+df3654b319
	- fabric-lifecycle-events-v1 2.6.0+0865547519
	- fabric-loot-api-v2 3.0.15+3f89f5a519
	- fabric-loot-api-v3 1.0.3+3f89f5a519
	- fabric-message-api-v1 6.0.14+8aaf3aca19
	- fabric-model-loading-api-v1 2.1.0+b4d813fc19
	- fabric-networking-api-v1 4.3.0+c7469b2119
	- fabric-object-builder-api-v1 15.2.1+40875a9319
	- fabric-particles-v1 4.0.2+6573ed8c19
	- fabric-permissions-api-v0 0.3.3
	- fabric-recipe-api-v1 5.0.14+248df81c19
	- fabric-registry-sync-v0 5.3.1+e3eddc2119
	- fabric-renderer-api-v1 3.4.1+b4d813fc19
	- fabric-renderer-indigo 1.7.1+c705a49c19
	- fabric-renderer-registries-v1 3.2.69+df3654b319
	- fabric-rendering-data-attachment-v1 0.3.49+73761d2e19
	- fabric-rendering-fluids-v1 3.1.6+1daea21519
	- fabric-rendering-v0 1.1.72+df3654b319
	- fabric-rendering-v1 5.1.0+ab4c25a019
	- fabric-resource-conditions-api-v1 4.3.0+8dc279b119
	- fabric-resource-loader-v0 1.3.1+5b5275af19
	- fabric-screen-api-v1 2.0.25+8b68f1c719
	- fabric-screen-handler-api-v1 1.3.90+b559734419
	- fabric-sound-api-v1 1.0.23+6573ed8c19
	- fabric-transfer-api-v1 5.4.3+c24bd99419
	- fabric-transitive-access-wideners-v1 6.2.0+45b9699719
	- fabricloader 0.17.2
	- iris 1.8.8+mc1.21.1
	- java 21
	- lithium 0.15.0+mc1.21.1
	- minecraft 1.21.1
	- mixinextras 0.5.0
	- modmenu 11.0.3
	- nvidium 0.4.1-beta9-1.21-1.21.1
	- sodium 0.6.13+mc1.21.1
	- sodium-extra 0.6.0+mc1.21.1
	- spark 1.10.152
	- voxy 0.2.14-alpha
	- voxyworldgenv2 2.2.5
[13:01:46] [main/INFO] (FabricLoader/Mixin) SpongePowered MIXIN Subsystem Version=0.8.7 Source=file:/Users/alextodd/.gradle/caches/modules-2/files-2.1/net.fabricmc/sponge-mixin/0.16.3+mixin.0.8.7/3e535042688d1265447e52ad86950b7d9678a5fa/sponge-mixin-0.16.3+mixin.0.8.7.jar Service=Knot/Fabric Env=CLIENT
[13:01:46] [main/INFO] (FabricLoader/Mixin) Loaded Fabric development mappings for mixin remapper!
[13:01:46] [main/INFO] (FabricLoader/Mixin) Compatibility level set to JAVA_17
[13:01:46] [main/INFO] (FabricLoader/Mixin) Compatibility level set to JAVA_21
[13:01:46] [main/INFO] (Sodium) Loaded configuration file for Sodium: 43 options available, 1 override(s) found
[13:01:46] [main/INFO] (Sodium Extra Config) Loaded configuration file for Sodium Extra: 36 options available, 0 override(s) found
[13:01:46] [main/INFO] (LithiumConfig) Option 'mixin.entity.collisions.fluid' requires 'mixin.util.block_tracking=true' but found 'false'. Setting 'mixin.entity.collisions.fluid=false'.
[13:01:46] [main/INFO] (LithiumConfig) Option 'mixin.experimental.entity.block_caching.block_support' requires 'mixin.util.block_tracking=true' but found 'false'. Setting 'mixin.experimental.entity.block_caching.block_support=false'.
[13:01:46] [main/INFO] (LithiumConfig) Option 'mixin.experimental.entity.block_caching.fluid_pushing' requires 'mixin.util.block_tracking=true' but found 'false'. Setting 'mixin.experimental.entity.block_caching.fluid_pushing=false'.
[13:01:46] [main/INFO] (LithiumConfig) Option 'mixin.experimental.entity.block_caching.block_touching' requires 'mixin.util.block_tracking=true' but found 'false'. Setting 'mixin.experimental.entity.block_caching.block_touching=false'.
[13:01:46] [main/INFO] (LithiumConfig) Option 'mixin.experimental.entity.block_caching.suffocation' requires 'mixin.util.block_tracking=true' but found 'false'. Setting 'mixin.experimental.entity.block_caching.suffocation=false'.
[13:01:46] [main/INFO] (LithiumConfig) Option 'mixin.experimental.entity.block_caching' requires 'mixin.util.block_tracking=true' but found 'false'. Setting 'mixin.experimental.entity.block_caching=false'.
[13:01:46] [main/INFO] (Lithium) Loaded configuration file for Lithium: 149 options available, 0 override(s) found
[13:01:47] [main/WARN] (Sodium) Force-disabling mixin 'features.render.world.sky.FogRendererMixin' as rule 'mixin.features.render.world.sky' (added by mods [iris]) disables it and children
[13:01:47] [main/WARN] (Sodium) Force-disabling mixin 'features.render.world.sky.ClientLevelMixin' as rule 'mixin.features.render.world.sky' (added by mods [iris]) disables it and children
[13:01:47] [main/WARN] (Sodium) Force-disabling mixin 'features.render.world.sky.LevelRendererMixin' as rule 'mixin.features.render.world.sky' (added by mods [iris]) disables it and children
[13:01:47] [main/WARN] (FabricLoader/Mixin) Error loading class: com/moulberry/flashback/record/FlashbackMeta (java.lang.ClassNotFoundException: com/moulberry/flashback/record/FlashbackMeta)
[13:01:47] [main/WARN] (FabricLoader/Mixin) @Mixin target com.moulberry.flashback.record.FlashbackMeta was not found client.voxy.mixins.json:flashback.MixinFlashbackMeta from mod voxy
[13:01:47] [main/WARN] (FabricLoader/Mixin) Error loading class: com/moulberry/flashback/record/Recorder (java.lang.ClassNotFoundException: com/moulberry/flashback/record/Recorder)
[13:01:47] [main/WARN] (FabricLoader/Mixin) @Mixin target com.moulberry.flashback.record.Recorder was not found client.voxy.mixins.json:flashback.MixinFlashbackRecorder from mod voxy
[13:01:47] [main/INFO] (Sodium-GraphicsAdapterProbe) Searching for graphics cards...
[13:01:47] [main/INFO] (FabricLoader/MixinExtras|Service) Initializing MixinExtras via com.llamalad7.mixinextras.service.MixinExtrasServiceImpl(version=0.5.0).
[13:01:47] [main/INFO] (DevAuth) DevAuth disabled, not logging in!
[13:01:48] [Datafixer Bootstrap/INFO] (Minecraft) 226 Datafixer optimizations took 117 milliseconds
[13:01:50] [Render thread/INFO] (Minecraft) Environment: Environment[sessionHost=https://sessionserver.mojang.com, servicesHost=https://api.minecraftservices.com, name=PROD]
[13:01:50] [Render thread/INFO] (Minecraft) Setting user: VoxyTester
[13:01:50] [Render thread/INFO] (voxyworldgenv2) voxy world gen v2 initializing
[13:01:50] [Render thread/INFO] (voxyworldgenv2) voxy networking initialized (protocol 4)
[13:01:50] [Render thread/INFO] (Voxy) [me.cx.vy.cn.cg.Serialization]: Registered Config as LZ4 for config type CompressorConfig
[13:01:50] [Render thread/INFO] (Voxy) [me.cx.vy.cn.cg.Serialization]: Registered Config as ZSTD for config type CompressorConfig
[13:01:50] [Render thread/INFO] (Voxy) [me.cx.vy.cn.cg.Serialization]: Registered Config as Serializer for config type SectionStorageConfig
[13:01:50] [Render thread/INFO] (Voxy) [me.cx.vy.cn.cg.Serialization]: Registered Config as Memory for config type StorageConfig
[13:01:50] [Render thread/INFO] (Voxy) [me.cx.vy.cn.cg.Serialization]: Registered Config as LMDB for config type StorageConfig
[13:01:50] [Render thread/INFO] (Voxy) [me.cx.vy.cn.cg.Serialization]: Registered BasicPathInsertionConfig as BasicPathConfig for config type StorageConfig
[13:01:50] [Render thread/INFO] (Voxy) [me.cx.vy.cn.cg.Serialization]: Registered Config as CompressionAdaptor for config type StorageConfig
[13:01:50] [Render thread/INFO] (Voxy) [me.cx.vy.cn.cg.Serialization]: Registered ConditionalStorageBackendConfig as ConditionalConfig for config type StorageConfig
[13:01:50] [Render thread/INFO] (Voxy) [me.cx.vy.cn.cg.Serialization]: Registered Config as FragmentationAdaptor for config type StorageConfig
[13:01:50] [Render thread/INFO] (Voxy) [me.cx.vy.cn.cg.Serialization]: Registered Config2 as AutoFragmentationAdaptor for config type StorageConfig
[13:01:50] [Render thread/INFO] (Voxy) [me.cx.vy.cn.cg.Serialization]: Registered Config as ReadonlyCachingLayer for config type StorageConfig
[13:01:50] [Render thread/INFO] (Voxy) [me.cx.vy.cn.cg.Serialization]: Registered Config as Redis for config type StorageConfig
[13:01:50] [Render thread/INFO] (Voxy) [me.cx.vy.cn.cg.Serialization]: Registered Config as RocksDB for config type StorageConfig
[13:01:50] [Render thread/INFO] (Voxy) [me.cx.vy.cn.cg.Serialization]: Registered 13 config types
[13:01:51] [Render thread/INFO] (Indigo) [Indigo] Different rendering plugin detected; not applying Indigo.
[13:01:51] [Render thread/INFO] (voxyworldgenv2) initializing voxy world gen v2 client
[13:01:51] [Render thread/INFO] (Mod Menu/Update Checker) Checking mod updates...
[13:01:51] [Render thread/INFO] (Minecraft) Backend library: LWJGL version 3.3.3-snapshot
[13:01:51] [ModMenu/Update Checker/Fabric Loader/INFO] (Mod Menu/Update Checker) Update available for 'fabricloader@0.17.2'
[13:01:51] [Render thread/INFO] (Minecraft) OpenGL Vendor: Apple
[13:01:51] [Render thread/INFO] (Minecraft) OpenGL Renderer: Apple M2 Max
[13:01:51] [Render thread/INFO] (Minecraft) OpenGL Version: 4.1 Metal - 91.7
[13:01:51] [Render thread/WARN] (Nvidium) Not all requirements met, disabling nvidium
[13:01:51] [ForkJoinPool.commonPool-worker-1/WARN] (Iris) [Iris Update Check] This version doesn't have an update index, skipping.
[13:01:51] [Render thread/INFO] (Voxy) [me.cx.vy.ct.ce.rg.bd.gl.Gl41MetalNative]: Loaded Voxy GL41Metal native library from bundled resource
[13:01:51] [Render thread/INFO] (Voxy) [me.cx.vy.ct.ce.rg.bd.gl.Gl41MetalNative]: Loaded Voxy GL41Metal shader library from bundled resource
[13:01:51] [Render thread/INFO] (Voxy) [me.cx.vy.ct.ce.rg.bd.RenderBackendSelector]: Selected Voxy render backend: GL41METAL (requested='auto', forced=false, reason='GL46 unavailable: compute=false, indirectParameters=false; GL41Metal capabilities are available')
[13:01:51] [Render thread/WARN] (Voxy) [me.cx.vy.ct.VoxyClient]: Voxy GL41Metal backend selected.
[13:01:51] [Render thread/INFO] (Iris) Debug functionality is disabled.
[13:01:51] [Render thread/INFO] (Iris) DSA support not detected.
[13:01:52] [Render thread/INFO] (Iris) Shaders are disabled because enableShaders is set to false in iris.properties
[13:01:52] [Render thread/INFO] (Iris) Hardware information:
[13:01:52] [Render thread/INFO] (Iris) CPU: 12x Apple M2 Max
[13:01:52] [Render thread/INFO] (Iris) GPU: Apple M2 Max (Supports OpenGL 4.1 Metal - 91.7)
[13:01:52] [Render thread/INFO] (Iris) OS: Mac OS X (27.0)
[13:01:52] [Render thread/INFO] (Minecraft) Reloading ResourceManager: vanilla, fabric, chunky, cloth-config, devauth, fabric-api, fabric-api-base, fabric-api-lookup-api-v1, fabric-biome-api-v1, fabric-block-api-v1, fabric-block-view-api-v2, fabric-blockrenderlayer-v1, fabric-client-tags-api-v1, fabric-command-api-v1, fabric-command-api-v2, fabric-commands-v0, fabric-content-registries-v0, fabric-convention-tags-v1, fabric-convention-tags-v2, fabric-crash-report-info-v1, fabric-data-attachment-api-v1, fabric-data-generation-api-v1, fabric-dimensions-v1, fabric-entity-events-v1, fabric-events-interaction-v0, fabric-game-rule-api-v1, fabric-gametest-api-v1, fabric-item-api-v1, fabric-item-group-api-v1, fabric-key-binding-api-v1, fabric-keybindings-v0, fabric-lifecycle-events-v1, fabric-loot-api-v2, fabric-loot-api-v3, fabric-message-api-v1, fabric-model-loading-api-v1, fabric-networking-api-v1, fabric-object-builder-api-v1, fabric-particles-v1, fabric-recipe-api-v1, fabric-registry-sync-v0, fabric-renderer-api-v1, fabric-renderer-indigo, fabric-renderer-registries-v1, fabric-rendering-data-attachment-v1, fabric-rendering-fluids-v1, fabric-rendering-v0, fabric-rendering-v1, fabric-resource-conditions-api-v1, fabric-resource-loader-v0, fabric-screen-api-v1, fabric-screen-handler-api-v1, fabric-sound-api-v1, fabric-transfer-api-v1, fabric-transitive-access-wideners-v1, fabricloader, iris, lithium, modmenu, nvidium, sodium, sodium-extra, spark, voxy, voxyworldgenv2
[13:01:52] [Worker-Main-8/INFO] (Minecraft) Found unifont_all_no_pua-15.1.05.hex, loading
[13:01:52] [Worker-Main-3/WARN] (FabricLoader/Mixin) Static binding violation: PRIVATE @Overwrite method alphaBlend in sodium-common.mixins.json:features.textures.mipmaps.MipmapGeneratorMixin from mod sodium cannot reduce visibiliy of PUBLIC target method, visibility will be upgraded.
[13:01:52] [Worker-Main-3/INFO] (Minecraft) Found unifont_jp_patch-15.1.05.hex, loading
[13:01:53] [Render thread/WARN] (Minecraft) Missing sound for event: minecraft:item.goat_horn.play
[13:01:53] [Render thread/WARN] (Minecraft) Missing sound for event: minecraft:entity.goat.screaming.horn_break
[13:01:53] [Render thread/INFO] (Minecraft) OpenAL initialized on device Obsidian Night
[13:01:53] [Render thread/INFO] (Minecraft) Sound engine started
[13:01:53] [Render thread/INFO] (Minecraft) Created: 1024x512x4 minecraft:textures/atlas/blocks.png-atlas
[13:01:53] [Render thread/INFO] (Minecraft) Created: 256x256x4 minecraft:textures/atlas/signs.png-atlas
[13:01:53] [Render thread/INFO] (Minecraft) Created: 512x512x4 minecraft:textures/atlas/banner_patterns.png-atlas
[13:01:53] [Render thread/INFO] (Minecraft) Created: 512x512x4 minecraft:textures/atlas/shield_patterns.png-atlas
[13:01:53] [Render thread/INFO] (Minecraft) Created: 1024x1024x4 minecraft:textures/atlas/armor_trims.png-atlas
[13:01:53] [Render thread/INFO] (Minecraft) Created: 256x256x4 minecraft:textures/atlas/chest.png-atlas
[13:01:53] [Render thread/INFO] (Minecraft) Created: 128x64x4 minecraft:textures/atlas/decorated_pot.png-atlas
[13:01:53] [Render thread/INFO] (Minecraft) Created: 512x256x4 minecraft:textures/atlas/shulker_boxes.png-atlas
[13:01:53] [Render thread/INFO] (Minecraft) Created: 512x256x4 minecraft:textures/atlas/beds.png-atlas
[13:01:53] [Render thread/INFO] (Minecraft) Created: 512x256x0 minecraft:textures/atlas/particles.png-atlas
[13:01:53] [Render thread/INFO] (Minecraft) Created: 512x256x0 minecraft:textures/atlas/paintings.png-atlas
[13:01:53] [Render thread/INFO] (Minecraft) Created: 256x128x0 minecraft:textures/atlas/mob_effects.png-atlas
[13:01:53] [Render thread/INFO] (Minecraft) Created: 64x64x0 minecraft:textures/atlas/map_decorations.png-atlas
[13:01:53] [Render thread/INFO] (Minecraft) Created: 1024x512x0 minecraft:textures/atlas/gui.png-atlas
[13:01:53] [Render thread/WARN] (Minecraft) Shader rendertype_entity_translucent_emissive could not find sampler named Sampler2 in the specified shader program.
[13:01:55] [Render thread/INFO] (Minecraft) Connecting to localhost, 25564
[13:01:56] [Render thread/INFO] (Voxy) [me.cx.vy.cl.VoxyInstance]: Initializing voxy instance
[13:01:56] [Render thread/INFO] (Voxy) [me.cx.vy.cl.VoxyInstance]: Dedicated voxy thread pool size: 8
[13:01:56] [Render thread/INFO] (Iris) Reloading pipeline on dimension change: null => minecraft:overworld
[13:01:56] [Render thread/INFO] (Iris) Creating pipeline for dimension minecraft:overworld
[13:01:56] [Render thread/INFO] (Voxy) [me.cx.vy.cl.VoxyInstance]: Creating new world engine: 8839824707307977922@1501015940
[13:01:56] [Render thread/INFO] (Voxy) [me.cx.vy.ct.ce.VoxyRenderSystem]: Creating Voxy render system
[13:01:57] [Render thread/INFO] (Voxy) [me.cx.vy.ct.ce.ml.by.Gl41OffscreenModelTextureBakery]: GL41 offscreen model bakery active
[13:01:57] [Render thread/INFO] (Voxy) [me.cx.vy.ct.ce.rg.bd.gl.Gl41MetalTerrainResources]: Created GL41Metal Metal LOD/culling worklist resources
[13:01:57] [Render thread/INFO] (Voxy) [me.cx.vy.ct.ce.rg.bd.gl.Gl41MetalRenderBackend]: Created Voxy GL41Metal shared texture backend with Metal LOD/culling and quad raster.
[13:01:57] [Render thread/INFO] (Voxy) [me.cx.vy.ct.ce.VoxyRenderSystem]: Voxy render system created with backend 'GL41METAL'
[13:01:57] [Render thread/INFO] (ChunkBuilder) Started 6 worker threads
[13:01:57] [Render thread/INFO] (Voxy) [me.cx.vy.cl.VoxyInstance]: Dedicated voxy thread pool size: 2
[13:01:57] [Render thread/INFO] (Minecraft) Loaded 11 advancements
[13:01:57] [Render thread/INFO] (Minecraft) [STDOUT]: Lithium Cached BlockState Flags are disabled!
[13:01:57] [Render thread/INFO] (Voxy) [me.cx.vy.ct.ce.rg.bd.gl.Gl41MetalRenderBackend]: Voxy GL41Metal shared gbuffer initialized: device=Apple M2 Max, target=0x84f5, slots=3, size=1708x960, formats=gbuffer0=RGBA32F(uv+tile),gbuffer1=RGBA32F(depth+ids),gbuffer2=RGBA32F(packed albedo/light/tint/face/flags/coverage)
2026-08-18 13:01:57.926 java[67023:1390549] GL41Metal opaque mesh pipeline created (batch=32)
2026-08-18 13:01:57.926 java[67023:1390549] GL41Metal translucent mesh pipeline created (batch=32)
2026-08-18 13:01:57.926 java[67023:1390549] GL41Metal distant SSAO pipeline created
[13:01:57] [Render thread/INFO] (Voxy) [me.cx.vy.ct.ce.rg.bd.gl.Gl41MetalTerrainResources]: GL41Metal terrain native resources initialized: maxSections=262144, geometryCapacity=4294967296, maxNodes=2097152, traversalQueue=200000, traversalRequests=1024, worklistItems=400000, rasterQuads=8000000, atlas=12288x8192 mips=4, atlasUploads=enabled
[13:01:57] [Render thread/INFO] (Voxy) [me.cx.vy.ct.ce.rg.bd.gl.Gl41MetalMaterialStore]: GL41Metal model fallback invisible for Block{minecraft:air} as opaque model 0
[13:01:57] [Render thread/INFO] (Voxy) [me.cx.vy.ct.ce.rg.bd.gl.Gl41MetalMaterialStore]: GL41Metal material store uploaded first model 0
[13:01:58] [Render thread/INFO] (voxyworldgenv2) uploaded 41 known LOD regions for minecraft:overworld in 1 packet(s)
UNSUPPORTED (log once): gldCopyBufferSubData: NEEDS IMPLEMENTATION
[13:01:58] [Render thread/INFO] (Voxy) [me.cx.vy.ct.ce.rg.bd.gl.Gl41MetalSlotScheduler]: Voxy GL41Metal compositing the previous completed frame while Metal work is busy (bounded wait); further occurrences are counted, not logged
[13:01:58] [Render thread/INFO] (Voxy) [me.cx.vy.ct.ce.rg.bd.gl.GlDistantTerrainBridge]: Voxy GL41Metal distant terrain bridge sampled shared textures (vanilla built-in)
[13:01:58] [Render thread/INFO] (Voxy) [me.cx.vy.ct.ce.rg.bd.gl.GlDistantTerrainBridge]: Voxy GL41Metal distant translucent bridge composited shared water textures (vanilla built-in water)
[13:01:58] [Render thread/INFO] (Voxy) [me.cx.vy.ct.ce.rg.bd.gl.Gl41MetalTerrainResources]: GL41Metal terrain Metal validation passed: resident=23, geometryBytes=124848, uploadedSections=23, removedSections=0, uploadedModels=56, uploadedBiomes=12, validationResident=23, validationQuads=15606, validationModels=72, missingModels=20, invalidOffsets=0, invalidModelIds=0, topNodes=23, uploadedNodes=23, traversalVisited=0, worklist=0, requests=0, emittedRequests=0, traversalQuads=0, rasterInputQuads=0, rasterProcessedQuads=0, rasterOpaqueQuads=0, rasterSkippedQuads=0, rasterPixels=0, rasterMissingModels=0, rasterClippedQuads=0
[13:01:59] [Render thread/INFO] (Voxy) [me.cx.vy.ct.ce.rg.bd.gl.Gl41MetalMaterialStore]: GL41Metal model fallback invisible for Block{minecraft:bubble_column}[drag=true] as translucent model 276
[13:01:59] [Render thread/INFO] (Voxy) [me.cx.vy.ct.ce.rg.bd.gl.Gl41MetalMaterialStore]: GL41Metal model fallback no_quads for Block{minecraft:chest}[facing=south,type=single,waterlogged=false] as opaque model 284
[13:01:59] [Render thread/INFO] (Voxy) [me.cx.vy.ct.ce.rg.bd.gl.Gl41MetalMaterialStore]: GL41Metal model fallback no_quads for Block{minecraft:magenta_bed}[facing=west,occupied=false,part=foot] as cutout model 372
[13:02:03] [Render thread/INFO] (Voxy) [me.cx.vy.ct.ce.rg.bd.gl.Gl41MetalFrameProfiler]: GL41Metal perf [120 frames / 1149ms]: avg tick=0.42 submit=1.39 wait=5.27 bound=0.09 opaqueGL=0.17 transGL=0.00 metalGPU=4.73 | voxyTotal=7.34 ms | max wait=6.76 opaqueGL=0.40 metalGPU=7.70
[13:02:08] [Render thread/INFO] (voxyworldgenv2) voxy integration initialized (enabled: true, raw: true, voxyEnabled: true)
[13:02:08] [Render thread/INFO] (Voxy) [me.cx.vy.ct.ce.rg.bd.gl.Gl41MetalRenderBackend]: Voxy GL41Metal shared gbuffer resized: device=Apple M2 Max, target=0x84f5, slots=3, size=4112x2524, formats=gbuffer0=RGBA32F(uv+tile),gbuffer1=RGBA32F(depth+ids),gbuffer2=RGBA32F(packed albedo/light/tint/face/flags/coverage)
[13:02:08] [Render thread/INFO] (Voxy) [me.cx.vy.ct.ce.rg.bd.gl.Gl41MetalSlotScheduler]: Voxy GL41Metal compositing the previous completed frame while Metal work is busy (bounded wait); further occurrences are counted, not logged
[13:02:10] [Render thread/INFO] (Voxy) [me.cx.vy.ct.ce.rg.bd.gl.Gl41MetalFrameProfiler]: GL41Metal perf [120 frames / 2581ms]: avg tick=3.83 submit=1.43 wait=6.38 bound=0.25 opaqueGL=0.37 transGL=0.00 metalGPU=13.42 | voxyTotal=12.25 ms | max wait=6.78 opaqueGL=14.93 metalGPU=149.30
[13:02:14] [Render thread/INFO] (Iris) Destroying pipeline minecraft:overworld
[13:02:14] [Render thread/INFO] (Iris) Shaders are disabled because enableShaders is set to false in iris.properties
[13:02:14] [Render thread/INFO] (Iris) Creating pipeline for dimension minecraft:overworld
[13:02:14] [Render thread/INFO] (Minecraft) [System] [CHAT] Shaders Reloaded!
[13:02:16] [Render thread/INFO] (Voxy) [me.cx.vy.ct.ce.rg.bd.gl.Gl41MetalFrameProfiler]: GL41Metal perf [120 frames / 1993ms]: avg tick=2.03 submit=1.40 wait=6.66 bound=0.19 opaqueGL=0.29 transGL=0.00 metalGPU=12.65 | voxyTotal=10.56 ms | max wait=6.78 opaqueGL=0.50 metalGPU=15.89
[13:02:22] [Render thread/INFO] (Voxy) [me.cx.vy.ct.ce.rg.bd.gl.Gl41MetalFrameProfiler]: GL41Metal perf [120 frames / 1932ms]: avg tick=1.24 submit=1.39 wait=6.74 bound=0.25 opaqueGL=0.32 transGL=0.00 metalGPU=11.67 | voxyTotal=9.95 ms | max wait=6.78 opaqueGL=0.59 metalGPU=15.88
[13:02:28] [Render thread/INFO] (Voxy) [me.cx.vy.ct.ce.rg.bd.gl.Gl41MetalFrameProfiler]: GL41Metal perf [120 frames / 2009ms]: avg tick=0.83 submit=1.41 wait=6.69 bound=0.20 opaqueGL=0.36 transGL=0.00 metalGPU=11.96 | voxyTotal=9.49 ms | max wait=6.78 opaqueGL=2.38 metalGPU=16.11
[13:02:33] [Render thread/INFO] (Voxy) [me.cx.vy.ct.ce.rg.bd.gl.Gl41MetalFrameProfiler]: GL41Metal perf [120 frames / 1966ms]: avg tick=0.82 submit=1.42 wait=6.73 bound=0.19 opaqueGL=0.34 transGL=0.00 metalGPU=12.10 | voxyTotal=9.49 ms | max wait=6.78 opaqueGL=0.58 metalGPU=16.28
[13:02:36] [Render thread/INFO] (Voxy) [me.cx.vy.ct.ce.rg.bd.gl.Gl41MetalRenderBackend]: Shutting down Voxy GL41Metal shared texture backend
[13:02:36] [Render thread/INFO] (Voxy) [me.cx.vy.ct.ce.rg.bd.gl.Gl41MetalRenderBackend]: Voxy GL41Metal slot stats: submitted=1685, sampledCurrent=0, skippedCurrent=1685, noFreeSlot=0, pacedSubmits=0, reusedHeld=0, timeouts=1, retiring=0, maxWaitMs=6.793, waitTimeoutMs=6, waitMode=debug-bounded-current
[13:02:36] [Render thread/INFO] (Voxy) [me.cx.vy.ct.ce.VoxyRenderSystem]: Render shutdown completed
[13:02:36] [Render thread/INFO] (Voxy) [me.cx.vy.ct.ce.VoxyRenderSystem]: Creating Voxy render system
[13:02:36] [Render thread/INFO] (Voxy) [me.cx.vy.ct.ce.ml.by.Gl41OffscreenModelTextureBakery]: GL41 offscreen model bakery active
[13:02:36] [Render thread/INFO] (Voxy) [me.cx.vy.ct.ce.rg.bd.gl.Gl41MetalTerrainResources]: Created GL41Metal Metal LOD/culling worklist resources
[13:02:36] [Render thread/INFO] (Voxy) [me.cx.vy.ct.ce.rg.bd.gl.Gl41MetalRenderBackend]: Created Voxy GL41Metal shared texture backend with Metal LOD/culling and quad raster.
[13:02:36] [Render thread/INFO] (Voxy) [me.cx.vy.ct.ce.VoxyRenderSystem]: Voxy render system created with backend 'GL41METAL'
[13:02:36] [Render thread/INFO] (ChunkBuilder) Stopping worker threads
[13:02:36] [Render thread/INFO] (ChunkBuilder) Started 6 worker threads
[13:02:36] [Render thread/INFO] (Voxy) [me.cx.vy.ct.ce.rg.bd.gl.Gl41MetalRenderBackend]: Voxy GL41Metal shared gbuffer initialized: device=Apple M2 Max, target=0x84f5, slots=3, size=4112x2524, formats=gbuffer0=RGBA32F(uv+tile),gbuffer1=RGBA32F(depth+ids),gbuffer2=RGBA32F(packed albedo/light/tint/face/flags/coverage)
2026-08-18 13:02:37.158 java[67023:1390549] GL41Metal opaque mesh pipeline created (batch=32)
2026-08-18 13:02:37.158 java[67023:1390549] GL41Metal translucent mesh pipeline created (batch=32)
2026-08-18 13:02:37.158 java[67023:1390549] GL41Metal distant SSAO pipeline created
[13:02:37] [Render thread/INFO] (Voxy) [me.cx.vy.ct.ce.rg.bd.gl.Gl41MetalTerrainResources]: GL41Metal terrain native resources initialized: maxSections=262144, geometryCapacity=4294967296, maxNodes=2097152, traversalQueue=200000, traversalRequests=1024, worklistItems=400000, rasterQuads=8000000, atlas=12288x8192 mips=4, atlasUploads=enabled
[13:02:37] [Render thread/INFO] (Voxy) [me.cx.vy.ct.ce.rg.bd.gl.Gl41MetalMaterialStore]: GL41Metal model fallback invisible for Block{minecraft:air} as opaque model 0
[13:02:37] [Render thread/INFO] (Voxy) [me.cx.vy.ct.ce.rg.bd.gl.Gl41MetalMaterialStore]: GL41Metal material store uploaded first model 0
[13:02:37] [Render thread/INFO] (Voxy) [me.cx.vy.ct.ce.rg.bd.gl.Gl41MetalTerrainResources]: GL41Metal terrain Metal validation passed: resident=7, geometryBytes=14320, uploadedSections=7, removedSections=0, uploadedModels=1, uploadedBiomes=0, validationResident=7, validationQuads=1790, validationModels=0, missingModels=28, invalidOffsets=0, invalidModelIds=0, topNodes=11, uploadedNodes=11, traversalVisited=0, worklist=0, requests=0, emittedRequests=0, traversalQuads=0, rasterInputQuads=0, rasterProcessedQuads=0, rasterOpaqueQuads=0, rasterSkippedQuads=0, rasterPixels=0, rasterMissingModels=0, rasterClippedQuads=0
[13:02:37] [Render thread/INFO] (Voxy) [me.cx.vy.ct.ce.rg.bd.gl.Gl41MetalSlotScheduler]: Voxy GL41Metal compositing the previous completed frame while Metal work is busy (bounded wait); further occurrences are counted, not logged
[13:02:37] [Render thread/INFO] (Voxy) [me.cx.vy.ct.ce.rg.bd.gl.GlDistantTerrainBridge]: Voxy GL41Metal distant terrain bridge sampled shared textures (vanilla built-in)
[13:02:37] [Render thread/INFO] (Voxy) [me.cx.vy.ct.ce.rg.bd.gl.GlDistantTerrainBridge]: Voxy GL41Metal distant translucent bridge composited shared water textures (vanilla built-in water)
[13:02:38] [Render thread/INFO] (Voxy) [me.cx.vy.ct.ce.rg.bd.gl.Gl41MetalMaterialStore]: GL41Metal model fallback no_quads for Block{minecraft:chest}[facing=west,type=single,waterlogged=false] as opaque model 310
[13:02:38] [Render thread/INFO] (Voxy) [me.cx.vy.ct.ce.rg.bd.gl.Gl41MetalMaterialStore]: GL41Metal model fallback invisible for Block{minecraft:bubble_column}[drag=true] as translucent model 427
[13:02:38] [Render thread/INFO] (Voxy) [me.cx.vy.ct.ce.rg.bd.gl.Gl41MetalMaterialStore]: GL41Metal model fallback no_quads for Block{minecraft:red_bed}[facing=east,occupied=false,part=foot] as cutout model 601
[13:02:40] [Render thread/INFO] (Voxy) [me.cx.vy.ct.ce.rg.bd.gl.Gl41MetalMaterialStore]: GL41Metal model fallback no_quads for Block{minecraft:chest}[facing=north,type=single,waterlogged=true] as opaque model 737
[13:02:43] [Render thread/INFO] (Voxy) [me.cx.vy.ct.ce.rg.bd.gl.Gl41MetalFrameProfiler]: GL41Metal perf [120 frames / 2328ms]: avg tick=0.63 submit=1.39 wait=6.67 bound=0.26 opaqueGL=0.36 transGL=0.00 metalGPU=11.35 | voxyTotal=9.32 ms | max wait=6.80 opaqueGL=0.63 metalGPU=15.16
[13:02:48] [Render thread/INFO] (Voxy) [me.cx.vy.ct.ce.rg.bd.gl.Gl41MetalFrameProfiler]: GL41Metal perf [120 frames / 2972ms]: avg tick=0.55 submit=1.57 wait=6.63 bound=0.18 opaqueGL=0.26 transGL=0.00 metalGPU=13.99 | voxyTotal=9.18 ms | max wait=6.78 opaqueGL=0.53 metalGPU=17.44
[13:02:50] [Render thread/INFO] (Voxy) [me.cx.vy.ct.ce.rg.bd.gl.Gl41MetalRenderBackend]: Shutting down Voxy GL41Metal shared texture backend
[13:02:50] [Render thread/INFO] (Voxy) [me.cx.vy.ct.ce.rg.bd.gl.Gl41MetalRenderBackend]: Voxy GL41Metal slot stats: submitted=573, sampledCurrent=3, skippedCurrent=570, noFreeSlot=0, pacedSubmits=0, reusedHeld=2, timeouts=3, retiring=0, maxWaitMs=6.794, waitTimeoutMs=6, waitMode=debug-bounded-current
[13:02:50] [Render thread/INFO] (Voxy) [me.cx.vy.ct.ce.VoxyRenderSystem]: Render shutdown completed
[13:02:50] [Render thread/INFO] (Voxy) [me.cx.vy.ct.ce.VoxyRenderSystem]: Creating Voxy render system
[13:02:51] [Render thread/INFO] (Voxy) [me.cx.vy.ct.ce.ml.by.Gl41OffscreenModelTextureBakery]: GL41 offscreen model bakery active
[13:02:51] [Render thread/INFO] (Voxy) [me.cx.vy.ct.ce.rg.bd.gl.Gl41MetalTerrainResources]: Created GL41Metal Metal LOD/culling worklist resources
[13:02:51] [Render thread/INFO] (Voxy) [me.cx.vy.ct.ce.rg.bd.gl.Gl41MetalRenderBackend]: Created Voxy GL41Metal shared texture backend with Metal LOD/culling and quad raster.
[13:02:51] [Render thread/INFO] (Voxy) [me.cx.vy.ct.ce.VoxyRenderSystem]: Voxy render system created with backend 'GL41METAL'
[13:02:51] [Render thread/INFO] (ChunkBuilder) Stopping worker threads
[13:02:51] [Render thread/INFO] (ChunkBuilder) Started 6 worker threads
[13:02:51] [Render thread/INFO] (Sodium) Flushed changes to Minecraft configuration
[13:02:51] [Render thread/INFO] (Voxy) [me.cx.vy.ct.ce.rg.bd.gl.Gl41MetalRenderBackend]: Voxy GL41Metal shared gbuffer initialized: device=Apple M2 Max, target=0x84f5, slots=3, size=4112x2524, formats=gbuffer0=RGBA32F(uv+tile),gbuffer1=RGBA32F(depth+ids),gbuffer2=RGBA32F(packed albedo/light/tint/face/flags/coverage)
2026-08-18 13:02:51.448 java[67023:1390549] GL41Metal opaque mesh pipeline created (batch=32)
2026-08-18 13:02:51.449 java[67023:1390549] GL41Metal translucent mesh pipeline created (batch=32)
2026-08-18 13:02:51.449 java[67023:1390549] GL41Metal distant SSAO pipeline created
[13:02:51] [Render thread/INFO] (Voxy) [me.cx.vy.ct.ce.rg.bd.gl.Gl41MetalTerrainResources]: GL41Metal terrain native resources initialized: maxSections=262144, geometryCapacity=4294967296, maxNodes=2097152, traversalQueue=200000, traversalRequests=1024, worklistItems=400000, rasterQuads=8000000, atlas=12288x8192 mips=4, atlasUploads=enabled
[13:02:51] [Render thread/INFO] (Voxy) [me.cx.vy.ct.ce.rg.bd.gl.Gl41MetalMaterialStore]: GL41Metal model fallback invisible for Block{minecraft:air} as opaque model 0
[13:02:51] [Render thread/INFO] (Voxy) [me.cx.vy.ct.ce.rg.bd.gl.Gl41MetalMaterialStore]: GL41Metal material store uploaded first model 0
[13:02:51] [Render thread/INFO] (Voxy) [me.cx.vy.ct.ce.rg.bd.gl.Gl41MetalTerrainResources]: GL41Metal terrain Metal validation passed: resident=13, geometryBytes=27272, uploadedSections=13, removedSections=0, uploadedModels=1, uploadedBiomes=0, validationResident=13, validationQuads=3409, validationModels=0, missingModels=52, invalidOffsets=0, invalidModelIds=0, topNodes=17, uploadedNodes=17, traversalVisited=0, worklist=0, requests=0, emittedRequests=0, traversalQuads=0, rasterInputQuads=0, rasterProcessedQuads=0, rasterOpaqueQuads=0, rasterSkippedQuads=0, rasterPixels=0, rasterMissingModels=0, rasterClippedQuads=0
[13:02:51] [Render thread/INFO] (Voxy) [me.cx.vy.ct.ce.rg.bd.gl.Gl41MetalSlotScheduler]: Voxy GL41Metal compositing the previous completed frame while Metal work is busy (bounded wait); further occurrences are counted, not logged
[13:02:51] [Render thread/INFO] (Voxy) [me.cx.vy.ct.ce.rg.bd.gl.GlDistantTerrainBridge]: Voxy GL41Metal distant terrain bridge sampled shared textures (vanilla built-in)
[13:02:51] [Render thread/INFO] (Voxy) [me.cx.vy.ct.ce.rg.bd.gl.GlDistantTerrainBridge]: Voxy GL41Metal distant translucent bridge composited shared water textures (vanilla built-in water)
[13:02:52] [Render thread/INFO] (Voxy) [me.cx.vy.ct.ce.rg.bd.gl.Gl41MetalMaterialStore]: GL41Metal model fallback no_quads for Block{minecraft:chest}[facing=east,type=single,waterlogged=false] as opaque model 245
[13:02:52] [Render thread/INFO] (Voxy) [me.cx.vy.ct.ce.rg.bd.gl.Gl41MetalMaterialStore]: GL41Metal model fallback no_quads for Block{minecraft:magenta_bed}[facing=west,occupied=false,part=foot] as cutout model 419
[13:02:52] [Render thread/INFO] (Voxy) [me.cx.vy.ct.ce.rg.bd.gl.Gl41MetalMaterialStore]: GL41Metal model fallback invisible for Block{minecraft:bubble_column}[drag=true] as translucent model 448
[13:02:54] [Render thread/INFO] (Voxy) [me.cx.vy.ct.ce.rg.bd.gl.Gl41MetalMaterialStore]: GL41Metal model fallback no_quads for Block{minecraft:chest}[facing=south,type=single,waterlogged=true] as opaque model 833
[13:02:58] [Render thread/INFO] (Voxy) [me.cx.vy.ct.ce.rg.bd.gl.Gl41MetalFrameProfiler]: GL41Metal perf [120 frames / 3172ms]: avg tick=1.29 submit=1.36 wait=6.77 bound=0.55 opaqueGL=0.24 transGL=0.00 metalGPU=17.61 | voxyTotal=10.21 ms | max wait=17.82 opaqueGL=0.60 metalGPU=65.84
[13:03:04] [Render thread/INFO] (Voxy) [me.cx.vy.ct.ce.rg.bd.gl.Gl41MetalFrameProfiler]: GL41Metal perf [120 frames / 3059ms]: avg tick=0.88 submit=1.38 wait=6.70 bound=0.20 opaqueGL=0.23 transGL=0.00 metalGPU=17.54 | voxyTotal=9.39 ms | max wait=6.80 opaqueGL=0.33 metalGPU=20.50
[13:03:11] [Render thread/INFO] (Voxy) [me.cx.vy.ct.ce.rg.bd.gl.Gl41MetalFrameProfiler]: GL41Metal perf [120 frames / 3132ms]: avg tick=0.58 submit=1.36 wait=6.73 bound=0.26 opaqueGL=0.24 transGL=0.00 metalGPU=18.07 | voxyTotal=9.18 ms | max wait=6.81 opaqueGL=1.02 metalGPU=23.75
[13:03:17] [Render thread/INFO] (Voxy) [me.cx.vy.ct.ce.rg.bd.gl.Gl41MetalFrameProfiler]: GL41Metal perf [120 frames / 2998ms]: avg tick=0.47 submit=1.36 wait=6.71 bound=0.24 opaqueGL=0.24 transGL=0.00 metalGPU=16.75 | voxyTotal=9.03 ms | max wait=6.78 opaqueGL=0.39 metalGPU=21.28
[13:03:23] [Render thread/INFO] (Voxy) [me.cx.vy.ct.ce.rg.bd.gl.Gl41MetalFrameProfiler]: GL41Metal perf [120 frames / 3217ms]: avg tick=0.65 submit=1.38 wait=6.70 bound=0.21 opaqueGL=0.24 transGL=0.00 metalGPU=17.21 | voxyTotal=9.17 ms | max wait=6.78 opaqueGL=0.42 metalGPU=21.47
[13:03:30] [Render thread/INFO] (Voxy) [me.cx.vy.ct.ce.rg.bd.gl.Gl41MetalFrameProfiler]: GL41Metal perf [120 frames / 3305ms]: avg tick=0.56 submit=1.36 wait=6.69 bound=0.17 opaqueGL=0.22 transGL=0.00 metalGPU=17.34 | voxyTotal=9.01 ms | max wait=6.78 opaqueGL=0.38 metalGPU=20.23
[13:03:36] [Render thread/INFO] (Voxy) [me.cx.vy.ct.ce.rg.bd.gl.Gl41MetalFrameProfiler]: GL41Metal perf [120 frames / 3346ms]: avg tick=0.56 submit=1.44 wait=6.69 bound=0.18 opaqueGL=0.23 transGL=0.00 metalGPU=17.35 | voxyTotal=9.10 ms | max wait=6.79 opaqueGL=0.46 metalGPU=23.02
[13:03:43] [Render thread/INFO] (Voxy) [me.cx.vy.ct.ce.rg.bd.gl.Gl41MetalFrameProfiler]: GL41Metal perf [120 frames / 3402ms]: avg tick=0.57 submit=1.53 wait=6.70 bound=0.18 opaqueGL=0.23 transGL=0.00 metalGPU=17.47 | voxyTotal=9.20 ms | max wait=6.79 opaqueGL=0.31 metalGPU=21.85
[13:03:50] [Render thread/INFO] (Voxy) [me.cx.vy.ct.ce.rg.bd.gl.Gl41MetalFrameProfiler]: GL41Metal perf [120 frames / 3398ms]: avg tick=0.62 submit=1.41 wait=6.80 bound=0.21 opaqueGL=0.23 transGL=0.00 metalGPU=17.39 | voxyTotal=9.26 ms | max wait=17.46 opaqueGL=0.35 metalGPU=20.75
[13:03:56] [Render thread/INFO] (Voxy) [me.cx.vy.ct.ce.rg.bd.gl.Gl41MetalFrameProfiler]: GL41Metal perf [120 frames / 3333ms]: avg tick=0.53 submit=1.36 wait=6.70 bound=0.17 opaqueGL=0.22 transGL=0.00 metalGPU=17.39 | voxyTotal=8.99 ms | max wait=6.78 opaqueGL=0.30 metalGPU=20.39
[13:04:03] [Render thread/INFO] (Voxy) [me.cx.vy.ct.ce.rg.bd.gl.Gl41MetalFrameProfiler]: GL41Metal perf [120 frames / 3332ms]: avg tick=0.58 submit=1.36 wait=6.70 bound=0.17 opaqueGL=0.22 transGL=0.00 metalGPU=17.55 | voxyTotal=9.03 ms | max wait=6.78 opaqueGL=0.34 metalGPU=21.53
[13:04:10] [Render thread/INFO] (Voxy) [me.cx.vy.ct.ce.rg.bd.gl.Gl41MetalFrameProfiler]: GL41Metal perf [120 frames / 3379ms]: avg tick=0.60 submit=1.37 wait=6.67 bound=0.17 opaqueGL=0.22 transGL=0.00 metalGPU=17.56 | voxyTotal=9.02 ms | max wait=7.25 opaqueGL=0.35 metalGPU=21.71
[13:04:17] [Render thread/INFO] (Voxy) [me.cx.vy.ct.ce.rg.bd.gl.Gl41MetalFrameProfiler]: GL41Metal perf [120 frames / 3407ms]: avg tick=0.57 submit=1.44 wait=6.70 bound=0.17 opaqueGL=0.23 transGL=0.00 metalGPU=17.51 | voxyTotal=9.11 ms | max wait=6.78 opaqueGL=0.46 metalGPU=21.21
[13:04:23] [Render thread/INFO] (Minecraft) Loaded 12 advancements
[13:04:23] [Render thread/INFO] (Iris) Destroying pipeline minecraft:overworld
[13:04:23] [Render thread/INFO] (Iris) Shaders are disabled because enableShaders is set to false in iris.properties
[13:04:23] [Render thread/INFO] (Iris) Creating pipeline for dimension minecraft:overworld
[13:04:23] [Render thread/INFO] (Minecraft) [System] [CHAT] Shaders Reloaded!
[13:04:23] [Render thread/INFO] (Voxy) [me.cx.vy.ct.ce.rg.bd.gl.Gl41MetalFrameProfiler]: GL41Metal perf [120 frames / 3247ms]: avg tick=0.81 submit=1.38 wait=6.70 bound=0.67 opaqueGL=0.24 transGL=0.00 metalGPU=18.18 | voxyTotal=9.80 ms | max wait=6.79 opaqueGL=0.67 metalGPU=76.63
[13:04:29] [Render thread/INFO] (Voxy) [me.cx.vy.ct.ce.rg.bd.gl.Gl41MetalFrameProfiler]: GL41Metal perf [120 frames / 2847ms]: avg tick=0.46 submit=1.37 wait=6.72 bound=0.18 opaqueGL=0.23 transGL=0.00 metalGPU=15.87 | voxyTotal=8.95 ms | max wait=7.97 opaqueGL=0.33 metalGPU=20.23
[13:04:35] [Render thread/INFO] (Voxy) [me.cx.vy.ct.ce.rg.bd.gl.Gl41MetalFrameProfiler]: GL41Metal perf [120 frames / 3316ms]: avg tick=0.49 submit=1.37 wait=6.65 bound=0.18 opaqueGL=0.23 transGL=0.00 metalGPU=16.49 | voxyTotal=8.93 ms | max wait=6.78 opaqueGL=0.48 metalGPU=20.81
[13:04:38] [Render thread/INFO] (Voxy) [me.cx.vy.ct.ce.rg.bd.gl.Gl41MetalRenderBackend]: Shutting down Voxy GL41Metal shared texture backend
[13:04:38] [Render thread/INFO] (Voxy) [me.cx.vy.ct.ce.rg.bd.gl.Gl41MetalRenderBackend]: Voxy GL41Metal slot stats: submitted=3938, sampledCurrent=3, skippedCurrent=3935, noFreeSlot=0, pacedSubmits=0, reusedHeld=2, timeouts=3, retiring=0, maxWaitMs=17.820, waitTimeoutMs=6, waitMode=debug-bounded-current
[13:04:38] [Render thread/INFO] (Voxy) [me.cx.vy.ct.ce.VoxyRenderSystem]: Render shutdown completed
[13:04:38] [Render thread/INFO] (Voxy) [me.cx.vy.ct.ce.VoxyRenderSystem]: Creating Voxy render system
[13:04:38] [Render thread/INFO] (Voxy) [me.cx.vy.ct.ce.ml.by.Gl41OffscreenModelTextureBakery]: GL41 offscreen model bakery active
[13:04:38] [Render thread/INFO] (Voxy) [me.cx.vy.ct.ce.rg.bd.gl.Gl41MetalTerrainResources]: Created GL41Metal Metal LOD/culling worklist resources
[13:04:38] [Render thread/INFO] (Voxy) [me.cx.vy.ct.ce.rg.bd.gl.Gl41MetalRenderBackend]: Created Voxy GL41Metal shared texture backend with Metal LOD/culling and quad raster.
[13:04:38] [Render thread/INFO] (Voxy) [me.cx.vy.ct.ce.VoxyRenderSystem]: Voxy render system created with backend 'GL41METAL'
[13:04:38] [Render thread/INFO] (ChunkBuilder) Stopping worker threads
[13:04:38] [Render thread/INFO] (ChunkBuilder) Started 6 worker threads
[13:04:38] [Render thread/INFO] (Sodium) Flushed changes to Minecraft configuration
[13:04:38] [Render thread/INFO] (Voxy) [me.cx.vy.ct.ce.rg.bd.gl.Gl41MetalRenderBackend]: Voxy GL41Metal shared gbuffer initialized: device=Apple M2 Max, target=0x84f5, slots=3, size=4112x2524, formats=gbuffer0=RGBA32F(uv+tile),gbuffer1=RGBA32F(depth+ids),gbuffer2=RGBA32F(packed albedo/light/tint/face/flags/coverage)
2026-08-18 13:04:39.042 java[67023:1390549] GL41Metal opaque mesh pipeline created (batch=32)
2026-08-18 13:04:39.042 java[67023:1390549] GL41Metal translucent mesh pipeline created (batch=32)
2026-08-18 13:04:39.043 java[67023:1390549] GL41Metal distant SSAO pipeline created
[13:04:39] [Render thread/INFO] (Voxy) [me.cx.vy.ct.ce.rg.bd.gl.Gl41MetalTerrainResources]: GL41Metal terrain native resources initialized: maxSections=262144, geometryCapacity=4294967296, maxNodes=2097152, traversalQueue=200000, traversalRequests=1024, worklistItems=400000, rasterQuads=8000000, atlas=12288x8192 mips=4, atlasUploads=enabled
[13:04:39] [Render thread/INFO] (Voxy) [me.cx.vy.ct.ce.rg.bd.gl.Gl41MetalMaterialStore]: GL41Metal model fallback invisible for Block{minecraft:air} as opaque model 0
[13:04:39] [Render thread/INFO] (Voxy) [me.cx.vy.ct.ce.rg.bd.gl.Gl41MetalMaterialStore]: GL41Metal material store uploaded first model 0
[13:04:39] [Render thread/INFO] (Voxy) [me.cx.vy.ct.ce.rg.bd.gl.Gl41MetalTerrainResources]: GL41Metal terrain Metal validation passed: resident=14, geometryBytes=32352, uploadedSections=14, removedSections=0, uploadedModels=1, uploadedBiomes=0, validationResident=14, validationQuads=4044, validationModels=0, missingModels=56, invalidOffsets=0, invalidModelIds=0, topNodes=14, uploadedNodes=14, traversalVisited=0, worklist=0, requests=0, emittedRequests=0, traversalQuads=0, rasterInputQuads=0, rasterProcessedQuads=0, rasterOpaqueQuads=0, rasterSkippedQuads=0, rasterPixels=0, rasterMissingModels=0, rasterClippedQuads=0
[13:04:39] [Render thread/INFO] (Voxy) [me.cx.vy.ct.ce.rg.bd.gl.Gl41MetalSlotScheduler]: Voxy GL41Metal compositing the previous completed frame while Metal work is busy (bounded wait); further occurrences are counted, not logged
[13:04:39] [Render thread/INFO] (Voxy) [me.cx.vy.ct.ce.rg.bd.gl.GlDistantTerrainBridge]: Voxy GL41Metal distant terrain bridge sampled shared textures (vanilla built-in)
[13:04:39] [Render thread/INFO] (Voxy) [me.cx.vy.ct.ce.rg.bd.gl.GlDistantTerrainBridge]: Voxy GL41Metal distant translucent bridge composited shared water textures (vanilla built-in water)
UNSUPPORTED (log once): POSSIBLE ISSUE: unit 0 GLD_TEXTURE_INDEX_2D is unloadable and bound to sampler type (Float) - using zero texture because texture unloadable
[13:04:39] [Render thread/INFO] (Voxy) [me.cx.vy.ct.ce.rg.bd.gl.Gl41MetalMaterialStore]: GL41Metal model fallback no_quads for Block{minecraft:chest}[facing=east,type=single,waterlogged=false] as opaque model 228
[13:04:39] [Render thread/INFO] (Voxy) [me.cx.vy.ct.ce.rg.bd.gl.Gl41MetalMaterialStore]: GL41Metal model fallback no_quads for Block{minecraft:magenta_bed}[facing=west,occupied=false,part=foot] as cutout model 269
[13:04:40] [Render thread/INFO] (Voxy) [me.cx.vy.ct.ce.rg.bd.gl.Gl41MetalMaterialStore]: GL41Metal model fallback invisible for Block{minecraft:bubble_column}[drag=true] as translucent model 333
[13:04:45] [Render thread/INFO] (Voxy) [me.cx.vy.ct.ce.rg.bd.gl.Gl41MetalFrameProfiler]: GL41Metal perf [120 frames / 2613ms]: avg tick=2.16 submit=1.39 wait=6.72 bound=0.54 opaqueGL=0.36 transGL=0.00 metalGPU=11.17 | voxyTotal=11.17 ms | max wait=6.79 opaqueGL=2.92 metalGPU=47.22
[13:04:50] [Render thread/INFO] (Voxy) [me.cx.vy.ct.ce.rg.bd.gl.Gl41MetalFrameProfiler]: GL41Metal perf [120 frames / 2361ms]: avg tick=0.44 submit=1.34 wait=6.74 bound=0.21 opaqueGL=0.30 transGL=0.00 metalGPU=11.99 | voxyTotal=9.03 ms | max wait=6.78 opaqueGL=0.83 metalGPU=15.20
[13:04:57] [Render thread/INFO] (Voxy) [me.cx.vy.ct.ce.rg.bd.gl.Gl41MetalFrameProfiler]: GL41Metal perf [120 frames / 2367ms]: avg tick=0.49 submit=1.33 wait=6.74 bound=0.18 opaqueGL=0.26 transGL=0.00 metalGPU=12.15 | voxyTotal=9.00 ms | max wait=6.79 opaqueGL=0.57 metalGPU=14.99
[13:05:03] [Render thread/INFO] (Voxy) [me.cx.vy.ct.ce.rg.bd.gl.Gl41MetalFrameProfiler]: GL41Metal perf [120 frames / 2050ms]: avg tick=2.71 submit=1.39 wait=6.67 bound=0.17 opaqueGL=0.26 transGL=0.00 metalGPU=13.36 | voxyTotal=11.20 ms | max wait=6.78 opaqueGL=0.45 metalGPU=17.29
[13:05:09] [Render thread/INFO] (Voxy) [me.cx.vy.ct.ce.rg.bd.gl.Gl41MetalFrameProfiler]: GL41Metal perf [120 frames / 2036ms]: avg tick=2.84 submit=1.41 wait=6.71 bound=0.17 opaqueGL=0.28 transGL=0.00 metalGPU=13.29 | voxyTotal=11.42 ms | max wait=6.78 opaqueGL=0.61 metalGPU=17.45
[13:05:10] [Render thread/WARN] (Voxy) [me.cx.vy.ct.ce.rg.bd.gl.Gl41MetalSlotScheduler]: Voxy GL41Metal had no free shared slot for Metal submission
[13:05:15] [Render thread/INFO] (Voxy) [me.cx.vy.ct.ce.rg.bd.gl.Gl41MetalFrameProfiler]: GL41Metal perf [120 frames / 2003ms]: avg tick=3.05 submit=1.38 wait=6.73 bound=0.15 opaqueGL=0.26 transGL=0.00 metalGPU=13.24 | voxyTotal=11.57 ms | max wait=6.78 opaqueGL=0.47 metalGPU=17.72
[13:05:21] [Render thread/INFO] (Voxy) [me.cx.vy.ct.ce.rg.bd.gl.Gl41MetalFrameProfiler]: GL41Metal perf [120 frames / 2006ms]: avg tick=2.96 submit=1.39 wait=6.72 bound=0.17 opaqueGL=0.28 transGL=0.00 metalGPU=13.17 | voxyTotal=11.52 ms | max wait=6.82 opaqueGL=0.51 metalGPU=17.08
[13:05:27] [Render thread/INFO] (Voxy) [me.cx.vy.ct.ce.rg.bd.gl.Gl41MetalFrameProfiler]: GL41Metal perf [120 frames / 2000ms]: avg tick=2.90 submit=1.39 wait=6.62 bound=0.17 opaqueGL=0.28 transGL=0.00 metalGPU=13.20 | voxyTotal=11.36 ms | max wait=6.81 opaqueGL=0.43 metalGPU=17.86
[13:05:30] [Render thread/INFO] (Minecraft) Stopping!
[13:05:30] [Render thread/INFO] (Voxy) [me.cx.vy.ct.ce.rg.bd.gl.Gl41MetalRenderBackend]: Shutting down Voxy GL41Metal shared texture backend
[13:05:30] [Render thread/INFO] (Voxy) [me.cx.vy.ct.ce.rg.bd.gl.Gl41MetalRenderBackend]: Voxy GL41Metal slot stats: submitted=2794, sampledCurrent=6, skippedCurrent=2790, noFreeSlot=2, pacedSubmits=0, reusedHeld=5, timeouts=4, retiring=0, maxWaitMs=26.825, waitTimeoutMs=6, waitMode=debug-bounded-current
[13:05:30] [Render thread/INFO] (Voxy) [me.cx.vy.ct.ce.VoxyRenderSystem]: Render shutdown completed
[13:05:30] [Render thread/INFO] (ChunkBuilder) Stopping worker threads
[13:05:30] [Render thread/INFO] (Voxy) [me.cx.vy.cl.VoxyInstance]: Shutting down voxy instance
[13:05:31] [Render thread/INFO] (Voxy) [me.cx.vy.cl.VoxyInstance]: Instance shutdown

BUILD SUCCESSFUL in 3m 52s
9 actionable tasks: 2 executed, 7 up-to-date
Consider enabling configuration cache to speed up this build: https://docs.gradle.org/9.4.1/userguide/configuration_cache_enabling.html
